[    0.000000] microcode: microcode updated early to revision 0x3d, date = 2018-04-20
[    0.000000] Linux version 4.9.152 (root@vos) (gcc version 6.3.0 (GCC) ) #2 SMP Fri Jan 25 08:07:39 CST 2019
[    0.000000] Command line: BOOT_IMAGE=/vmlinuz console=ttyS0,115200 console=tty1 root=UUID=d13aa97d-ca58-4f0b-baed-26481f741164 rw loglevel=2 rootwait rootdelay=5 nomodeset
[    0.000000] x86/fpu: Supporting XSAVE feature 0x001: 'x87 floating point registers'
[    0.000000] x86/fpu: Supporting XSAVE feature 0x002: 'SSE registers'
[    0.000000] x86/fpu: Supporting XSAVE feature 0x004: 'AVX registers'
[    0.000000] x86/fpu: xstate_offset[2]:  576, xstate_sizes[2]:  256
[    0.000000] x86/fpu: Enabled xstate features 0x7, context size is 832 bytes, using 'standard' format.
[    0.000000] e820: BIOS-provided physical RAM map:
[    0.000000] BIOS-e820: [mem 0x0000000000000000-0x000000000009ffff] usable
[    0.000000] BIOS-e820: [mem 0x0000000000100000-0x0000000079b7bfff] usable
[    0.000000] BIOS-e820: [mem 0x0000000079b7c000-0x000000007b73efff] reserved
[    0.000000] BIOS-e820: [mem 0x000000007b73f000-0x000000007b7adfff] ACPI data
[    0.000000] BIOS-e820: [mem 0x000000007b7ae000-0x000000007bd58fff] ACPI NVS
[    0.000000] BIOS-e820: [mem 0x000000007bd59000-0x000000007dcaafff] reserved
[    0.000000] BIOS-e820: [mem 0x000000007dcab000-0x000000007dd11fff] type 20
[    0.000000] BIOS-e820: [mem 0x000000007dd12000-0x000000007dd12fff] usable
[    0.000000] BIOS-e820: [mem 0x000000007dd13000-0x000000007dd98fff] reserved
[    0.000000] BIOS-e820: [mem 0x000000007dd99000-0x000000007dffffff] usable
[    0.000000] BIOS-e820: [mem 0x000000007e000000-0x000000008fffffff] reserved
[    0.000000] BIOS-e820: [mem 0x00000000fed1c000-0x00000000fed44fff] reserved
[    0.000000] BIOS-e820: [mem 0x00000000ff000000-0x00000000ffffffff] reserved
[    0.000000] BIOS-e820: [mem 0x0000000100000000-0x000000287fffffff] usable
[    0.000000] NX (Execute Disable) protection: active
[    0.000000] efi: EFI v2.40 by American Megatrends
[    0.000000] efi:  ESRT=0x7db71f98  ACPI=0x7b765000  ACPI 2.0=0x7b765000  SMBIOS=0xf05b0  MPS=0xfd7a0 
[    0.000000] SMBIOS 2.8 present.
[    0.000000] DMI: ASUSTeK COMPUTER INC. Z10PE-D16 Series/Z10PE-D16 Series, BIOS 3306 01/11/2017
[    0.000000] e820: update [mem 0x00000000-0x00000fff] usable ==> reserved
[    0.000000] e820: remove [mem 0x000a0000-0x000fffff] usable
[    0.000000] e820: last_pfn = 0x2880000 max_arch_pfn = 0x400000000
[    0.000000] MTRR default type: write-back
[    0.000000] MTRR fixed ranges enabled:
[    0.000000]   00000-9FFFF write-back
[    0.000000]   A0000-BFFFF uncachable
[    0.000000]   C0000-FFFFF write-protect
[    0.000000] MTRR variable ranges enabled:
[    0.000000]   0 base 000080000000 mask 3FFF80000000 uncachable
[    0.000000]   1 base 038000000000 mask 3F8000000000 uncachable
[    0.000000]   2 disabled
[    0.000000]   3 disabled
[    0.000000]   4 disabled
[    0.000000]   5 disabled
[    0.000000]   6 disabled
[    0.000000]   7 disabled
[    0.000000]   8 disabled
[    0.000000]   9 disabled
[    0.000000] x86/PAT: Configuration [0-7]: WB  WC  UC- UC  WB  WC  UC- WT  
[    0.000000] e820: last_pfn = 0x7e000 max_arch_pfn = 0x400000000
[    0.000000] found SMP MP-table at [mem 0x000fdc80-0x000fdc8f] mapped at [ffff8800000fdc80]
[    0.000000] esrt: Reserving ESRT space from 0x000000007db71f98 to 0x000000007db71fd0.
[    0.000000] Scanning 1 areas for low memory corruption
[    0.000000] Base memory trampoline at [ffff880000095000] 95000 size 24576
[    0.000000] Using GB pages for direct mapping
[    0.000000] BRK [0x0313a000, 0x0313afff] PGTABLE
[    0.000000] BRK [0x0313b000, 0x0313bfff] PGTABLE
[    0.000000] BRK [0x0313c000, 0x0313cfff] PGTABLE
[    0.000000] BRK [0x0313d000, 0x0313dfff] PGTABLE
[    0.000000] RAMDISK: [mem 0x34885000-0x36439fff]
[    0.000000] ACPI: Early table checksum verification disabled
[    0.000000] ACPI: RSDP 0x000000007B765000 000024 (v02 ALASKA)
[    0.000000] ACPI: XSDT 0x000000007B7650B0 0000D4 (v01 ALASKA A M I    01072009 AMI  00010013)
[    0.000000] ACPI: FACP 0x000000007B791A50 00010C (v05 ALASKA A M I    01072009 AMI  00010013)
[    0.000000] ACPI: DSDT 0x000000007B765218 02C835 (v02 ALASKA A M I    01072009 INTL 20091013)
[    0.000000] ACPI: FACS 0x000000007BD57F80 000040
[    0.000000] ACPI: APIC 0x000000007B791B60 000304 (v03 ALASKA A M I    01072009 AMI  00010013)
[    0.000000] ACPI: FPDT 0x000000007B791E68 000044 (v01 ALASKA A M I    01072009 AMI  00010013)
[    0.000000] ACPI: FIDT 0x000000007B791EB0 00009C (v01 ALASKA A M I    01072009 AMI  00010013)
[    0.000000] ACPI: MCFG 0x000000007B791F50 00003C (v01 ALASKA A M I    01072009 MSFT 00000097)
[    0.000000] ACPI: EINJ 0x000000007B7AD058 000130 (v01 ALASKA A M I    00000001 INTL 00000001)
[    0.000000] ACPI: UEFI 0x000000007B791FE8 000042 (v01 ALASKA A M I    01072009      00000000)
[    0.000000] ACPI: HPET 0x000000007B792030 000038 (v01 ALASKA A M I    00000001 INTL 20091013)
[    0.000000] ACPI: MSCT 0x000000007B792068 000090 (v01 ALASKA A M I    00000001 INTL 20091013)
[    0.000000] ACPI: SLIT 0x000000007B7920F8 000030 (v01 ALASKA A M I    00000001 INTL 20091013)
[    0.000000] ACPI: SRAT 0x000000007B792128 001158 (v03 ALASKA A M I    00000001 INTL 20091013)
[    0.000000] ACPI: WDDT 0x000000007B793280 000040 (v01 ALASKA A M I    00000000 INTL 20091013)
[    0.000000] ACPI: SSDT 0x000000007B7932C0 017141 (v02 ALASKA PmMgt    00000001 INTL 20120913)
[    0.000000] ACPI: BGRT 0x000000007B7AA408 000038 (v01 ALASKA A M I    01072009 AMI  00010013)
[    0.000000] ACPI: SPMI 0x000000007B7AA440 000041 (v05 ALASKA A M I    00000000 AMI. 00000000)
[    0.000000] ACPI: SSDT 0x000000007B7AA488 002652 (v02 ALASKA SpsNm    00000002 INTL 20120913)
[    0.000000] ACPI: SSDT 0x000000007B7ACAE0 000064 (v02 ALASKA SpsNvs   00000002 INTL 20120913)
[    0.000000] ACPI: PRAD 0x000000007B7ACB48 000102 (v02 ALASKA A M I    00000002 INTL 20120913)
[    0.000000] ACPI: DMAR 0x000000007B7ACC50 000100 (v01 ALASKA A M I    00000001 INTL 20091013)
[    0.000000] ACPI: HEST 0x000000007B7ACD50 0000A8 (v01 ALASKA A M I    00000001 INTL 00000001)
[    0.000000] ACPI: BERT 0x000000007B7ACDF8 000030 (v01 ALASKA A M I    00000001 INTL 00000001)
[    0.000000] ACPI: ERST 0x000000007B7ACE28 000230 (v01 ALASKA A M I    00000001 INTL 00000001)
[    0.000000] ACPI: Local APIC address 0xfee00000
[    0.000000] SRAT: PXM 0 -> APIC 0x00 -> Node 0
[    0.000000] SRAT: PXM 0 -> APIC 0x02 -> Node 0
[    0.000000] SRAT: PXM 0 -> APIC 0x04 -> Node 0
[    0.000000] SRAT: PXM 0 -> APIC 0x06 -> Node 0
[    0.000000] SRAT: PXM 0 -> APIC 0x08 -> Node 0
[    0.000000] SRAT: PXM 0 -> APIC 0x0a -> Node 0
[    0.000000] SRAT: PXM 0 -> APIC 0x10 -> Node 0
[    0.000000] SRAT: PXM 0 -> APIC 0x12 -> Node 0
[    0.000000] SRAT: PXM 0 -> APIC 0x14 -> Node 0
[    0.000000] SRAT: PXM 0 -> APIC 0x16 -> Node 0
[    0.000000] SRAT: PXM 0 -> APIC 0x18 -> Node 0
[    0.000000] SRAT: PXM 0 -> APIC 0x1a -> Node 0
[    0.000000] SRAT: PXM 1 -> APIC 0x20 -> Node 1
[    0.000000] SRAT: PXM 1 -> APIC 0x22 -> Node 1
[    0.000000] SRAT: PXM 1 -> APIC 0x24 -> Node 1
[    0.000000] SRAT: PXM 1 -> APIC 0x26 -> Node 1
[    0.000000] SRAT: PXM 1 -> APIC 0x28 -> Node 1
[    0.000000] SRAT: PXM 1 -> APIC 0x2a -> Node 1
[    0.000000] SRAT: PXM 1 -> APIC 0x30 -> Node 1
[    0.000000] SRAT: PXM 1 -> APIC 0x32 -> Node 1
[    0.000000] SRAT: PXM 1 -> APIC 0x34 -> Node 1
[    0.000000] SRAT: PXM 1 -> APIC 0x36 -> Node 1
[    0.000000] SRAT: PXM 1 -> APIC 0x38 -> Node 1
[    0.000000] SRAT: PXM 1 -> APIC 0x3a -> Node 1
[    0.000000] SRAT: PXM 0 -> APIC 0x01 -> Node 0
[    0.000000] SRAT: PXM 0 -> APIC 0x03 -> Node 0
[    0.000000] SRAT: PXM 0 -> APIC 0x05 -> Node 0
[    0.000000] SRAT: PXM 0 -> APIC 0x07 -> Node 0
[    0.000000] SRAT: PXM 0 -> APIC 0x09 -> Node 0
[    0.000000] SRAT: PXM 0 -> APIC 0x0b -> Node 0
[    0.000000] SRAT: PXM 0 -> APIC 0x11 -> Node 0
[    0.000000] SRAT: PXM 0 -> APIC 0x13 -> Node 0
[    0.000000] SRAT: PXM 0 -> APIC 0x15 -> Node 0
[    0.000000] SRAT: PXM 0 -> APIC 0x17 -> Node 0
[    0.000000] SRAT: PXM 0 -> APIC 0x19 -> Node 0
[    0.000000] SRAT: PXM 0 -> APIC 0x1b -> Node 0
[    0.000000] SRAT: PXM 1 -> APIC 0x21 -> Node 1
[    0.000000] SRAT: PXM 1 -> APIC 0x23 -> Node 1
[    0.000000] SRAT: PXM 1 -> APIC 0x25 -> Node 1
[    0.000000] SRAT: PXM 1 -> APIC 0x27 -> Node 1
[    0.000000] SRAT: PXM 1 -> APIC 0x29 -> Node 1
[    0.000000] SRAT: PXM 1 -> APIC 0x2b -> Node 1
[    0.000000] SRAT: PXM 1 -> APIC 0x31 -> Node 1
[    0.000000] SRAT: PXM 1 -> APIC 0x33 -> Node 1
[    0.000000] SRAT: PXM 1 -> APIC 0x35 -> Node 1
[    0.000000] SRAT: PXM 1 -> APIC 0x37 -> Node 1
[    0.000000] SRAT: PXM 1 -> APIC 0x39 -> Node 1
[    0.000000] SRAT: PXM 1 -> APIC 0x3b -> Node 1
[    0.000000] ACPI: SRAT: Node 0 PXM 0 [mem 0x00000000-0x7fffffff]
[    0.000000] ACPI: SRAT: Node 0 PXM 0 [mem 0x100000000-0x87fffffff]
[    0.000000] ACPI: SRAT: Node 0 PXM 0 [mem 0x880000000-0x147fffffff]
[    0.000000] ACPI: SRAT: Node 1 PXM 1 [mem 0x1480000000-0x1c7fffffff]
[    0.000000] ACPI: SRAT: Node 1 PXM 1 [mem 0x1c80000000-0x287fffffff]
[    0.000000] NUMA: Initialized distance table, cnt=2
[    0.000000] NUMA: Node 0 [mem 0x00000000-0x7fffffff] + [mem 0x100000000-0x87fffffff] -> [mem 0x00000000-0x87fffffff]
[    0.000000] NUMA: Node 0 [mem 0x00000000-0x87fffffff] + [mem 0x880000000-0x147fffffff] -> [mem 0x00000000-0x147fffffff]
[    0.000000] NUMA: Node 1 [mem 0x1480000000-0x1c7fffffff] + [mem 0x1c80000000-0x287fffffff] -> [mem 0x1480000000-0x287fffffff]
[    0.000000] NODE_DATA(0) allocated [mem 0x147fffc000-0x147fffffff]
[    0.000000] NODE_DATA(1) allocated [mem 0x287fff9000-0x287fffcfff]
[    0.000000] Zone ranges:
[    0.000000]   DMA      [mem 0x0000000000001000-0x0000000000ffffff]
[    0.000000]   DMA32    [mem 0x0000000001000000-0x00000000ffffffff]
[    0.000000]   Normal   [mem 0x0000000100000000-0x000000287fffffff]
[    0.000000] Movable zone start for each node
[    0.000000] Early memory node ranges
[    0.000000]   node   0: [mem 0x0000000000001000-0x000000000009ffff]
[    0.000000]   node   0: [mem 0x0000000000100000-0x0000000079b7bfff]
[    0.000000]   node   0: [mem 0x000000007dd12000-0x000000007dd12fff]
[    0.000000]   node   0: [mem 0x000000007dd99000-0x000000007dffffff]
[    0.000000]   node   0: [mem 0x0000000100000000-0x000000147fffffff]
[    0.000000]   node   1: [mem 0x0000001480000000-0x000000287fffffff]
[    0.000000] Initmem setup node 0 [mem 0x0000000000001000-0x000000147fffffff]
[    0.000000] On node 0 totalpages: 20946307
[    0.000000]   DMA zone: 64 pages used for memmap
[    0.000000]   DMA zone: 44 pages reserved
[    0.000000]   DMA zone: 3999 pages, LIFO batch:0
[    0.000000]   DMA32 zone: 7736 pages used for memmap
[    0.000000]   DMA32 zone: 495076 pages, LIFO batch:31
[    0.000000]   Normal zone: 319488 pages used for memmap
[    0.000000]   Normal zone: 20447232 pages, LIFO batch:31
[    0.000000] Initmem setup node 1 [mem 0x0000001480000000-0x000000287fffffff]
[    0.000000] On node 1 totalpages: 20971520
[    0.000000]   Normal zone: 327680 pages used for memmap
[    0.000000]   Normal zone: 20971520 pages, LIFO batch:31
[    0.000000] ACPI: PM-Timer IO Port: 0x408
[    0.000000] ACPI: Local APIC address 0xfee00000
[    0.000000] ACPI: LAPIC_NMI (acpi_id[0x00] high edge lint[0x1])
[    0.000000] ACPI: LAPIC_NMI (acpi_id[0x02] high edge lint[0x1])
[    0.000000] ACPI: LAPIC_NMI (acpi_id[0x04] high edge lint[0x1])
[    0.000000] ACPI: LAPIC_NMI (acpi_id[0x06] high edge lint[0x1])
[    0.000000] ACPI: LAPIC_NMI (acpi_id[0x08] high edge lint[0x1])
[    0.000000] ACPI: LAPIC_NMI (acpi_id[0x0a] high edge lint[0x1])
[    0.000000] ACPI: LAPIC_NMI (acpi_id[0x10] high edge lint[0x1])
[    0.000000] ACPI: LAPIC_NMI (acpi_id[0x12] high edge lint[0x1])
[    0.000000] ACPI: LAPIC_NMI (acpi_id[0x14] high edge lint[0x1])
[    0.000000] ACPI: LAPIC_NMI (acpi_id[0x16] high edge lint[0x1])
[    0.000000] ACPI: LAPIC_NMI (acpi_id[0x18] high edge lint[0x1])
[    0.000000] ACPI: LAPIC_NMI (acpi_id[0x1a] high edge lint[0x1])
[    0.000000] ACPI: LAPIC_NMI (acpi_id[0x20] high edge lint[0x1])
[    0.000000] ACPI: LAPIC_NMI (acpi_id[0x22] high edge lint[0x1])
[    0.000000] ACPI: LAPIC_NMI (acpi_id[0x24] high edge lint[0x1])
[    0.000000] ACPI: LAPIC_NMI (acpi_id[0x26] high edge lint[0x1])
[    0.000000] ACPI: LAPIC_NMI (acpi_id[0x28] high edge lint[0x1])
[    0.000000] ACPI: LAPIC_NMI (acpi_id[0x2a] high edge lint[0x1])
[    0.000000] ACPI: LAPIC_NMI (acpi_id[0x30] high edge lint[0x1])
[    0.000000] ACPI: LAPIC_NMI (acpi_id[0x32] high edge lint[0x1])
[    0.000000] ACPI: LAPIC_NMI (acpi_id[0x34] high edge lint[0x1])
[    0.000000] ACPI: LAPIC_NMI (acpi_id[0x36] high edge lint[0x1])
[    0.000000] ACPI: LAPIC_NMI (acpi_id[0x38] high edge lint[0x1])
[    0.000000] ACPI: LAPIC_NMI (acpi_id[0x3a] high edge lint[0x1])
[    0.000000] ACPI: LAPIC_NMI (acpi_id[0x01] high edge lint[0x1])
[    0.000000] ACPI: LAPIC_NMI (acpi_id[0x03] high edge lint[0x1])
[    0.000000] ACPI: LAPIC_NMI (acpi_id[0x05] high edge lint[0x1])
[    0.000000] ACPI: LAPIC_NMI (acpi_id[0x07] high edge lint[0x1])
[    0.000000] ACPI: LAPIC_NMI (acpi_id[0x09] high edge lint[0x1])
[    0.000000] ACPI: LAPIC_NMI (acpi_id[0x0b] high edge lint[0x1])
[    0.000000] ACPI: LAPIC_NMI (acpi_id[0x11] high edge lint[0x1])
[    0.000000] ACPI: LAPIC_NMI (acpi_id[0x13] high edge lint[0x1])
[    0.000000] ACPI: LAPIC_NMI (acpi_id[0x15] high edge lint[0x1])
[    0.000000] ACPI: LAPIC_NMI (acpi_id[0x17] high edge lint[0x1])
[    0.000000] ACPI: LAPIC_NMI (acpi_id[0x19] high edge lint[0x1])
[    0.000000] ACPI: LAPIC_NMI (acpi_id[0x1b] high edge lint[0x1])
[    0.000000] ACPI: LAPIC_NMI (acpi_id[0x21] high edge lint[0x1])
[    0.000000] ACPI: LAPIC_NMI (acpi_id[0x23] high edge lint[0x1])
[    0.000000] ACPI: LAPIC_NMI (acpi_id[0x25] high edge lint[0x1])
[    0.000000] ACPI: LAPIC_NMI (acpi_id[0x27] high edge lint[0x1])
[    0.000000] ACPI: LAPIC_NMI (acpi_id[0x29] high edge lint[0x1])
[    0.000000] ACPI: LAPIC_NMI (acpi_id[0x2b] high edge lint[0x1])
[    0.000000] ACPI: LAPIC_NMI (acpi_id[0x31] high edge lint[0x1])
[    0.000000] ACPI: LAPIC_NMI (acpi_id[0x33] high edge lint[0x1])
[    0.000000] ACPI: LAPIC_NMI (acpi_id[0x35] high edge lint[0x1])
[    0.000000] ACPI: LAPIC_NMI (acpi_id[0x37] high edge lint[0x1])
[    0.000000] ACPI: LAPIC_NMI (acpi_id[0x39] high edge lint[0x1])
[    0.000000] ACPI: LAPIC_NMI (acpi_id[0x3b] high edge lint[0x1])
[    0.000000] IOAPIC[0]: apic_id 1, version 32, address 0xfec00000, GSI 0-23
[    0.000000] IOAPIC[1]: apic_id 2, version 32, address 0xfec01000, GSI 24-47
[    0.000000] IOAPIC[2]: apic_id 3, version 32, address 0xfec40000, GSI 48-71
[    0.000000] ACPI: INT_SRC_OVR (bus 0 bus_irq 0 global_irq 2 dfl dfl)
[    0.000000] ACPI: INT_SRC_OVR (bus 0 bus_irq 9 global_irq 9 high level)
[    0.000000] ACPI: IRQ0 used by override.
[    0.000000] ACPI: IRQ9 used by override.
[    0.000000] Using ACPI (MADT) for SMP configuration information
[    0.000000] ACPI: HPET id: 0x8086a701 base: 0xfed00000
[    0.000000] smpboot: Allowing 48 CPUs, 0 hotplug CPUs
[    0.000000] PM: Registered nosave memory: [mem 0x00000000-0x00000fff]
[    0.000000] PM: Registered nosave memory: [mem 0x000a0000-0x000fffff]
[    0.000000] PM: Registered nosave memory: [mem 0x79b7c000-0x7b73efff]
[    0.000000] PM: Registered nosave memory: [mem 0x7b73f000-0x7b7adfff]
[    0.000000] PM: Registered nosave memory: [mem 0x7b7ae000-0x7bd58fff]
[    0.000000] PM: Registered nosave memory: [mem 0x7bd59000-0x7dcaafff]
[    0.000000] PM: Registered nosave memory: [mem 0x7dcab000-0x7dd11fff]
[    0.000000] PM: Registered nosave memory: [mem 0x7dd13000-0x7dd98fff]
[    0.000000] PM: Registered nosave memory: [mem 0x7e000000-0x8fffffff]
[    0.000000] PM: Registered nosave memory: [mem 0x90000000-0xfed1bfff]
[    0.000000] PM: Registered nosave memory: [mem 0xfed1c000-0xfed44fff]
[    0.000000] PM: Registered nosave memory: [mem 0xfed45000-0xfeffffff]
[    0.000000] PM: Registered nosave memory: [mem 0xff000000-0xffffffff]
[    0.000000] e820: [mem 0x90000000-0xfed1bfff] available for PCI devices
[    0.000000] Booting paravirtualized kernel on bare hardware
[    0.000000] clocksource: refined-jiffies: mask: 0xffffffff max_cycles: 0xffffffff, max_idle_ns: 1910969940391419 ns
[    0.000000] setup_percpu: NR_CPUS:128 nr_cpumask_bits:128 nr_cpu_ids:48 nr_node_ids:2
[    0.000000] percpu: Embedded 35 pages/cpu @ffff88142f800000 s103128 r8192 d32040 u262144
[    0.000000] pcpu-alloc: s103128 r8192 d32040 u262144 alloc=1*2097152
[    0.000000] pcpu-alloc: [0] 00 01 02 03 04 05 06 07 [0] 08 09 10 11 24 25 26 27 
[    0.000000] pcpu-alloc: [0] 28 29 30 31 32 33 34 35 [1] 12 13 14 15 16 17 18 19 
[    0.000000] pcpu-alloc: [1] 20 21 22 23 36 37 38 39 [1] 40 41 42 43 44 45 46 47 
[    0.000000] Built 2 zonelists in Node order, mobility grouping on.  Total pages: 41262815
[    0.000000] Policy zone: Normal
[    0.000000] Kernel command line: BOOT_IMAGE=/vmlinuz console=ttyS0,115200 console=tty1 root=UUID=d13aa97d-ca58-4f0b-baed-26481f741164 rw loglevel=2 rootwait rootdelay=5 nomodeset
[    0.000000] log_buf_len individual max cpu contribution: 4096 bytes
[    0.000000] log_buf_len total cpu_extra contributions: 192512 bytes
[    0.000000] log_buf_len min size: 262144 bytes
[    0.000000] log_buf_len: 524288 bytes
[    0.000000] early log buf free: 244312(93%)
[    0.000000] PID hash table entries: 4096 (order: 3, 32768 bytes)
[    0.000000] Calgary: detecting Calgary via BIOS EBDA area
[    0.000000] Calgary: Unable to locate Rio Grande table in EBDA - bailing!
[    0.000000] Memory: 164862976K/167671308K available (10093K kernel code, 1360K rwdata, 3360K rodata, 1248K init, 636K bss, 2808332K reserved, 0K cma-reserved)
[    0.000000] SLUB: HWalign=64, Order=0-3, MinObjects=0, CPUs=48, Nodes=2
[    0.000000] Kernel/User page tables isolation: enabled
[    0.000000] Hierarchical RCU implementation.
[    0.000000] 	Build-time adjustment of leaf fanout to 64.
[    0.000000] 	RCU restricting CPUs from NR_CPUS=128 to nr_cpu_ids=48.
[    0.000000] RCU: Adjusting geometry for rcu_fanout_leaf=64, nr_cpu_ids=48
[    0.000000] NR_IRQS:8448 nr_irqs:1624 16
[    0.000000] Console: colour dummy device 80x25
[    0.000000] console [tty1] enabled
[    0.000000] console [ttyS0] enabled
[    0.000000] clocksource: hpet: mask: 0xffffffff max_cycles: 0xffffffff, max_idle_ns: 133484882848 ns
[    0.000000] hpet clockevent registered
[    0.000000] tsc: Fast TSC calibration using PIT
[    0.000000] tsc: Detected 2494.401 MHz processor
[    0.000013] Calibrating delay loop (skipped), value calculated using timer frequency.. 4988.80 BogoMIPS (lpj=2494401)
[    0.000015] pid_max: default: 49152 minimum: 384
[    0.000027] ACPI: Core revision 20160831
[    0.034042] ACPI: 4 ACPI AML tables successfully acquired and loaded
[    0.034211] Security Framework initialized
[    0.044501] Dentry cache hash table entries: 33554432 (order: 16, 268435456 bytes)
[    0.089658] Inode-cache hash table entries: 16777216 (order: 15, 134217728 bytes)
[    0.111175] Mount-cache hash table entries: 524288 (order: 10, 4194304 bytes)
[    0.111353] Mountpoint-cache hash table entries: 524288 (order: 10, 4194304 bytes)
[    0.112679] ENERGY_PERF_BIAS: Set to 'normal', was 'performance'
[    0.112679] ENERGY_PERF_BIAS: View and update with x86_energy_perf_policy(8)
[    0.112683] mce: CPU supports 22 MCE banks
[    0.112699] CPU0: Thermal monitoring enabled (TM1)
[    0.112746] process: using mwait in idle threads
[    0.112748] Last level iTLB entries: 4KB 1024, 2MB 1024, 4MB 1024
[    0.112749] Last level dTLB entries: 4KB 1024, 2MB 1024, 4MB 1024, 1GB 4
[    0.112751] Spectre V2 : Vulnerable: Minimal generic ASM retpoline
[    0.112751] Spectre V2 : Spectre v2 / SpectreRSB mitigation: Filling RSB on context switch
[    0.112752] Spectre V2 : Spectre v2 mitigation: Enabling Indirect Branch Prediction Barrier
[    0.112753] Spectre V2 : Enabling Restricted Speculation for firmware calls
[    0.112754] Speculative Store Bypass: Mitigation: Speculative Store Bypass disabled via prctl and seccomp
[    0.113156] Freeing SMP alternatives memory: 44K
[    0.115810] smpboot: Max logical packages: 4
[    0.115821] DMAR: Host address width 46
[    0.115822] DMAR: DRHD base: 0x000000fbffc000 flags: 0x0
[    0.115829] DMAR: dmar0: reg_base_addr fbffc000 ver 1:0 cap d2078c106f0466 ecap f020df
[    0.115830] DMAR: DRHD base: 0x000000c7ffc000 flags: 0x1
[    0.115833] DMAR: dmar1: reg_base_addr c7ffc000 ver 1:0 cap d2078c106f0466 ecap f020df
[    0.115834] DMAR: RMRR base: 0x0000007db81000 end: 0x0000007db90fff
[    0.115835] DMAR: ATSR flags: 0x0
[    0.115836] DMAR: RHSA base: 0x000000c7ffc000 proximity domain: 0x0
[    0.115837] DMAR: RHSA base: 0x000000fbffc000 proximity domain: 0x1
[    0.115838] DMAR-IR: IOAPIC id 3 under DRHD base  0xfbffc000 IOMMU 0
[    0.115839] DMAR-IR: IOAPIC id 1 under DRHD base  0xc7ffc000 IOMMU 1
[    0.115840] DMAR-IR: IOAPIC id 2 under DRHD base  0xc7ffc000 IOMMU 1
[    0.115840] DMAR-IR: HPET id 0 under DRHD base 0xc7ffc000
[    0.115841] DMAR-IR: x2apic is disabled because BIOS sets x2apic opt out bit.
[    0.115842] DMAR-IR: Use 'intremap=no_x2apic_optout' to override the BIOS setting.
[    0.116539] DMAR-IR: Enabled IRQ remapping in xapic mode
[    0.116540] x2apic: IRQ remapping doesn't support X2APIC mode
[    0.116558] Switched APIC routing to physical flat.
[    0.117136] ..TIMER: vector=0x30 apic1=0 pin1=2 apic2=-1 pin2=-1
[    0.127143] TSC deadline timer enabled
[    0.127148] smpboot: CPU0: Intel(R) Xeon(R) CPU E5-2680 v3 @ 2.50GHz (family: 0x6, model: 0x3f, stepping: 0x2)
[    0.127151] Performance Events: PEBS fmt2+, Haswell events, 16-deep LBR, full-width counters, Intel PMU driver.
[    0.127175] ... version:                3
[    0.127176] ... bit width:              48
[    0.127176] ... generic registers:      4
[    0.127177] ... value mask:             0000ffffffffffff
[    0.127177] ... max period:             00007fffffffffff
[    0.127178] ... fixed-purpose events:   3
[    0.127178] ... event mask:             000000070000000f
[    0.128040] x86: Booting SMP configuration:
[    0.128041] .... node  #0, CPUs:        #1  #2  #3  #4  #5  #6  #7  #8  #9 #10 #11
[    0.183238] .... node  #1, CPUs:   #12 #13 #14 #15 #16 #17 #18 #19 #20 #21 #22 #23
[    0.322862] .... node  #0, CPUs:   #24 #25 #26 #27 #28 #29 #30 #31 #32 #33 #34 #35
[    0.363043] .... node  #1, CPUs:   #36 #37 #38 #39 #40 #41 #42 #43 #44 #45 #46 #47
[    0.403248] x86: Booted up 2 nodes, 48 CPUs
[    0.403250] smpboot: Total of 48 processors activated (239578.60 BogoMIPS)
[    0.534135] devtmpfs: initialized
[    0.534190] x86/mm: Memory block size: 2048MB
[    0.536195] PM: Registering ACPI NVS region [mem 0x7b7ae000-0x7bd58fff] (5943296 bytes)
[    0.536392] clocksource: jiffies: mask: 0xffffffff max_cycles: 0xffffffff, max_idle_ns: 1911260446275000 ns
[    0.536452] futex hash table entries: 16384 (order: 8, 1048576 bytes)
[    0.536767] xor: automatically using best checksumming function   avx       
[    0.536831] RTC time: 11:51:10, date: 02/18/19
[    0.536941] NET: Registered protocol family 16
[    0.542345] cpuidle: using governor ladder
[    0.550367] cpuidle: using governor menu
[    0.550479] ACPI: bus type PCI registered
[    0.550584] PCI: MMCONFIG for domain 0000 [bus 00-ff] at [mem 0x80000000-0x8fffffff] (base 0x80000000)
[    0.550586] PCI: MMCONFIG at [mem 0x80000000-0x8fffffff] reserved in E820
[    0.550612] PCI: Using configuration type 1 for base access
[    0.551077] core: PMU erratum BJ122, BV98, HSD29 worked around, HT is on
[    0.554174] HugeTLB registered 1 GB page size, pre-allocated 0 pages
[    0.554175] HugeTLB registered 2 MB page size, pre-allocated 0 pages
[    0.571422] raid6: sse2x1   gen()  8031 MB/s
[    0.588462] raid6: sse2x1   xor()  6306 MB/s
[    0.605508] raid6: sse2x2   gen() 10148 MB/s
[    0.622544] raid6: sse2x2   xor()  6978 MB/s
[    0.639588] raid6: sse2x4   gen() 11843 MB/s
[    0.656626] raid6: sse2x4   xor()  8246 MB/s
[    0.673663] raid6: avx2x1   gen() 15761 MB/s
[    0.690703] raid6: avx2x2   gen() 18210 MB/s
[    0.707741] raid6: avx2x4   gen() 21316 MB/s
[    0.707742] raid6: using algorithm avx2x4 gen() 21316 MB/s
[    0.707743] raid6: using avx2x2 recovery algorithm
[    0.707908] ACPI: Added _OSI(Module Device)
[    0.707909] ACPI: Added _OSI(Processor Device)
[    0.707909] ACPI: Added _OSI(3.0 _SCP Extensions)
[    0.707910] ACPI: Added _OSI(Processor Aggregator Device)
[    0.717580] ACPI: [Firmware Bug]: BIOS _OSI(Linux) query ignored
[    0.771091] ACPI: Dynamic OEM Table Load:
[    0.792558] ACPI: Interpreter enabled
[    0.792573] ACPI: (supports S0 S4 S5)
[    0.792575] ACPI: Using IOAPIC for interrupt routing
[    0.792604] PCI: Using host bridge windows from ACPI; if necessary, use "pci=nocrs" and report a bug
[    0.822595] ACPI: PCI Root Bridge [UNC1] (domain 0000 [bus ff])
[    0.822599] acpi PNP0A03:02: _OSC: OS supports [ExtendedConfig ASPM ClockPM Segments MSI]
[    0.824743] acpi PNP0A03:02: _OSC: OS now controls [PCIeHotplug PME AER PCIeCapability]
[    0.824782] PCI host bridge to bus 0000:ff
[    0.824784] pci_bus 0000:ff: root bus resource [bus ff]
[    0.824793] pci 0000:ff:08.0: [8086:2f80] type 00 class 0x088000
[    0.824844] pci 0000:ff:08.2: [8086:2f32] type 00 class 0x110100
[    0.824883] pci 0000:ff:08.3: [8086:2f83] type 00 class 0x088000
[    0.824925] pci 0000:ff:09.0: [8086:2f90] type 00 class 0x088000
[    0.824963] pci 0000:ff:09.2: [8086:2f33] type 00 class 0x110100
[    0.824998] pci 0000:ff:09.3: [8086:2f93] type 00 class 0x088000
[    0.825039] pci 0000:ff:0b.0: [8086:2f81] type 00 class 0x088000
[    0.825074] pci 0000:ff:0b.1: [8086:2f36] type 00 class 0x110100
[    0.825113] pci 0000:ff:0b.2: [8086:2f37] type 00 class 0x110100
[    0.825152] pci 0000:ff:0c.0: [8086:2fe0] type 00 class 0x088000
[    0.825186] pci 0000:ff:0c.1: [8086:2fe1] type 00 class 0x088000
[    0.825221] pci 0000:ff:0c.2: [8086:2fe2] type 00 class 0x088000
[    0.825256] pci 0000:ff:0c.3: [8086:2fe3] type 00 class 0x088000
[    0.825290] pci 0000:ff:0c.4: [8086:2fe4] type 00 class 0x088000
[    0.825324] pci 0000:ff:0c.5: [8086:2fe5] type 00 class 0x088000
[    0.825359] pci 0000:ff:0c.6: [8086:2fe6] type 00 class 0x088000
[    0.825394] pci 0000:ff:0c.7: [8086:2fe7] type 00 class 0x088000
[    0.825428] pci 0000:ff:0d.0: [8086:2fe8] type 00 class 0x088000
[    0.825462] pci 0000:ff:0d.1: [8086:2fe9] type 00 class 0x088000
[    0.825497] pci 0000:ff:0d.2: [8086:2fea] type 00 class 0x088000
[    0.825532] pci 0000:ff:0d.3: [8086:2feb] type 00 class 0x088000
[    0.825571] pci 0000:ff:0f.0: [8086:2ff8] type 00 class 0x088000
[    0.825604] pci 0000:ff:0f.1: [8086:2ff9] type 00 class 0x088000
[    0.825639] pci 0000:ff:0f.2: [8086:2ffa] type 00 class 0x088000
[    0.825676] pci 0000:ff:0f.3: [8086:2ffb] type 00 class 0x088000
[    0.825711] pci 0000:ff:0f.4: [8086:2ffc] type 00 class 0x088000
[    0.825747] pci 0000:ff:0f.5: [8086:2ffd] type 00 class 0x088000
[    0.825782] pci 0000:ff:0f.6: [8086:2ffe] type 00 class 0x088000
[    0.825818] pci 0000:ff:10.0: [8086:2f1d] type 00 class 0x088000
[    0.825853] pci 0000:ff:10.1: [8086:2f34] type 00 class 0x110100
[    0.825890] pci 0000:ff:10.5: [8086:2f1e] type 00 class 0x088000
[    0.825923] pci 0000:ff:10.6: [8086:2f7d] type 00 class 0x110100
[    0.825959] pci 0000:ff:10.7: [8086:2f1f] type 00 class 0x088000
[    0.825993] pci 0000:ff:12.0: [8086:2fa0] type 00 class 0x088000
[    0.826031] pci 0000:ff:12.1: [8086:2f30] type 00 class 0x110100
[    0.826069] pci 0000:ff:12.4: [8086:2f60] type 00 class 0x088000
[    0.826107] pci 0000:ff:12.5: [8086:2f38] type 00 class 0x110100
[    0.826150] pci 0000:ff:13.0: [8086:2fa8] type 00 class 0x088000
[    0.826189] pci 0000:ff:13.1: [8086:2f71] type 00 class 0x088000
[    0.826228] pci 0000:ff:13.2: [8086:2faa] type 00 class 0x088000
[    0.826268] pci 0000:ff:13.3: [8086:2fab] type 00 class 0x088000
[    0.826309] pci 0000:ff:13.6: [8086:2fae] type 00 class 0x088000
[    0.826346] pci 0000:ff:13.7: [8086:2faf] type 00 class 0x088000
[    0.826384] pci 0000:ff:14.0: [8086:2fb0] type 00 class 0x088000
[    0.826424] pci 0000:ff:14.1: [8086:2fb1] type 00 class 0x088000
[    0.826464] pci 0000:ff:14.2: [8086:2fb2] type 00 class 0x088000
[    0.826504] pci 0000:ff:14.3: [8086:2fb3] type 00 class 0x088000
[    0.826544] pci 0000:ff:14.4: [8086:2fbc] type 00 class 0x088000
[    0.826581] pci 0000:ff:14.5: [8086:2fbd] type 00 class 0x088000
[    0.826619] pci 0000:ff:14.6: [8086:2fbe] type 00 class 0x088000
[    0.826657] pci 0000:ff:14.7: [8086:2fbf] type 00 class 0x088000
[    0.826696] pci 0000:ff:16.0: [8086:2f68] type 00 class 0x088000
[    0.826738] pci 0000:ff:16.1: [8086:2f79] type 00 class 0x088000
[    0.826779] pci 0000:ff:16.2: [8086:2f6a] type 00 class 0x088000
[    0.826820] pci 0000:ff:16.3: [8086:2f6b] type 00 class 0x088000
[    0.826862] pci 0000:ff:16.6: [8086:2f6e] type 00 class 0x088000
[    0.826900] pci 0000:ff:16.7: [8086:2f6f] type 00 class 0x088000
[    0.826938] pci 0000:ff:17.0: [8086:2fd0] type 00 class 0x088000
[    0.826978] pci 0000:ff:17.1: [8086:2fd1] type 00 class 0x088000
[    0.827019] pci 0000:ff:17.2: [8086:2fd2] type 00 class 0x088000
[    0.827060] pci 0000:ff:17.3: [8086:2fd3] type 00 class 0x088000
[    0.827101] pci 0000:ff:17.4: [8086:2fb8] type 00 class 0x088000
[    0.827142] pci 0000:ff:17.5: [8086:2fb9] type 00 class 0x088000
[    0.827182] pci 0000:ff:17.6: [8086:2fba] type 00 class 0x088000
[    0.827221] pci 0000:ff:17.7: [8086:2fbb] type 00 class 0x088000
[    0.827264] pci 0000:ff:1e.0: [8086:2f98] type 00 class 0x088000
[    0.827300] pci 0000:ff:1e.1: [8086:2f99] type 00 class 0x088000
[    0.827337] pci 0000:ff:1e.2: [8086:2f9a] type 00 class 0x088000
[    0.827374] pci 0000:ff:1e.3: [8086:2fc0] type 00 class 0x088000
[    0.827400] pci 0000:ff:1e.4: [8086:2f9c] type 00 class 0x088000
[    0.827442] pci 0000:ff:1f.0: [8086:2f88] type 00 class 0x088000
[    0.827483] pci 0000:ff:1f.2: [8086:2f8a] type 00 class 0x088000
[    0.827586] ACPI: PCI Root Bridge [UNC0] (domain 0000 [bus 7f])
[    0.827589] acpi PNP0A03:03: _OSC: OS supports [ExtendedConfig ASPM ClockPM Segments MSI]
[    0.828325] acpi PNP0A03:03: _OSC: OS now controls [PCIeHotplug PME AER PCIeCapability]
[    0.828356] PCI host bridge to bus 0000:7f
[    0.828357] pci_bus 0000:7f: root bus resource [bus 7f]
[    0.828364] pci 0000:7f:08.0: [8086:2f80] type 00 class 0x088000
[    0.828408] pci 0000:7f:08.2: [8086:2f32] type 00 class 0x110100
[    0.828448] pci 0000:7f:08.3: [8086:2f83] type 00 class 0x088000
[    0.828492] pci 0000:7f:09.0: [8086:2f90] type 00 class 0x088000
[    0.828532] pci 0000:7f:09.2: [8086:2f33] type 00 class 0x110100
[    0.828571] pci 0000:7f:09.3: [8086:2f93] type 00 class 0x088000
[    0.828615] pci 0000:7f:0b.0: [8086:2f81] type 00 class 0x088000
[    0.828652] pci 0000:7f:0b.1: [8086:2f36] type 00 class 0x110100
[    0.828689] pci 0000:7f:0b.2: [8086:2f37] type 00 class 0x110100
[    0.828729] pci 0000:7f:0c.0: [8086:2fe0] type 00 class 0x088000
[    0.828766] pci 0000:7f:0c.1: [8086:2fe1] type 00 class 0x088000
[    0.828803] pci 0000:7f:0c.2: [8086:2fe2] type 00 class 0x088000
[    0.828841] pci 0000:7f:0c.3: [8086:2fe3] type 00 class 0x088000
[    0.828878] pci 0000:7f:0c.4: [8086:2fe4] type 00 class 0x088000
[    0.828915] pci 0000:7f:0c.5: [8086:2fe5] type 00 class 0x088000
[    0.828952] pci 0000:7f:0c.6: [8086:2fe6] type 00 class 0x088000
[    0.828989] pci 0000:7f:0c.7: [8086:2fe7] type 00 class 0x088000
[    0.829026] pci 0000:7f:0d.0: [8086:2fe8] type 00 class 0x088000
[    0.829062] pci 0000:7f:0d.1: [8086:2fe9] type 00 class 0x088000
[    0.829100] pci 0000:7f:0d.2: [8086:2fea] type 00 class 0x088000
[    0.829141] pci 0000:7f:0d.3: [8086:2feb] type 00 class 0x088000
[    0.829182] pci 0000:7f:0f.0: [8086:2ff8] type 00 class 0x088000
[    0.829219] pci 0000:7f:0f.1: [8086:2ff9] type 00 class 0x088000
[    0.829256] pci 0000:7f:0f.2: [8086:2ffa] type 00 class 0x088000
[    0.829294] pci 0000:7f:0f.3: [8086:2ffb] type 00 class 0x088000
[    0.829331] pci 0000:7f:0f.4: [8086:2ffc] type 00 class 0x088000
[    0.829368] pci 0000:7f:0f.5: [8086:2ffd] type 00 class 0x088000
[    0.829406] pci 0000:7f:0f.6: [8086:2ffe] type 00 class 0x088000
[    0.829445] pci 0000:7f:10.0: [8086:2f1d] type 00 class 0x088000
[    0.829482] pci 0000:7f:10.1: [8086:2f34] type 00 class 0x110100
[    0.829522] pci 0000:7f:10.5: [8086:2f1e] type 00 class 0x088000
[    0.829559] pci 0000:7f:10.6: [8086:2f7d] type 00 class 0x110100
[    0.829598] pci 0000:7f:10.7: [8086:2f1f] type 00 class 0x088000
[    0.829634] pci 0000:7f:12.0: [8086:2fa0] type 00 class 0x088000
[    0.829674] pci 0000:7f:12.1: [8086:2f30] type 00 class 0x110100
[    0.829716] pci 0000:7f:12.4: [8086:2f60] type 00 class 0x088000
[    0.829756] pci 0000:7f:12.5: [8086:2f38] type 00 class 0x110100
[    0.829799] pci 0000:7f:13.0: [8086:2fa8] type 00 class 0x088000
[    0.829842] pci 0000:7f:13.1: [8086:2f71] type 00 class 0x088000
[    0.829885] pci 0000:7f:13.2: [8086:2faa] type 00 class 0x088000
[    0.829929] pci 0000:7f:13.3: [8086:2fab] type 00 class 0x088000
[    0.829973] pci 0000:7f:13.6: [8086:2fae] type 00 class 0x088000
[    0.830011] pci 0000:7f:13.7: [8086:2faf] type 00 class 0x088000
[    0.830051] pci 0000:7f:14.0: [8086:2fb0] type 00 class 0x088000
[    0.830095] pci 0000:7f:14.1: [8086:2fb1] type 00 class 0x088000
[    0.830141] pci 0000:7f:14.2: [8086:2fb2] type 00 class 0x088000
[    0.830184] pci 0000:7f:14.3: [8086:2fb3] type 00 class 0x088000
[    0.830227] pci 0000:7f:14.4: [8086:2fbc] type 00 class 0x088000
[    0.830268] pci 0000:7f:14.5: [8086:2fbd] type 00 class 0x088000
[    0.830308] pci 0000:7f:14.6: [8086:2fbe] type 00 class 0x088000
[    0.830347] pci 0000:7f:14.7: [8086:2fbf] type 00 class 0x088000
[    0.830389] pci 0000:7f:16.0: [8086:2f68] type 00 class 0x088000
[    0.830433] pci 0000:7f:16.1: [8086:2f79] type 00 class 0x088000
[    0.830476] pci 0000:7f:16.2: [8086:2f6a] type 00 class 0x088000
[    0.830520] pci 0000:7f:16.3: [8086:2f6b] type 00 class 0x088000
[    0.830566] pci 0000:7f:16.6: [8086:2f6e] type 00 class 0x088000
[    0.830607] pci 0000:7f:16.7: [8086:2f6f] type 00 class 0x088000
[    0.830648] pci 0000:7f:17.0: [8086:2fd0] type 00 class 0x088000
[    0.830693] pci 0000:7f:17.1: [8086:2fd1] type 00 class 0x088000
[    0.830737] pci 0000:7f:17.2: [8086:2fd2] type 00 class 0x088000
[    0.830781] pci 0000:7f:17.3: [8086:2fd3] type 00 class 0x088000
[    0.830825] pci 0000:7f:17.4: [8086:2fb8] type 00 class 0x088000
[    0.830866] pci 0000:7f:17.5: [8086:2fb9] type 00 class 0x088000
[    0.830907] pci 0000:7f:17.6: [8086:2fba] type 00 class 0x088000
[    0.830948] pci 0000:7f:17.7: [8086:2fbb] type 00 class 0x088000
[    0.830995] pci 0000:7f:1e.0: [8086:2f98] type 00 class 0x088000
[    0.831034] pci 0000:7f:1e.1: [8086:2f99] type 00 class 0x088000
[    0.831072] pci 0000:7f:1e.2: [8086:2f9a] type 00 class 0x088000
[    0.831114] pci 0000:7f:1e.3: [8086:2fc0] type 00 class 0x088000
[    0.831144] pci 0000:7f:1e.4: [8086:2f9c] type 00 class 0x088000
[    0.831189] pci 0000:7f:1f.0: [8086:2f88] type 00 class 0x088000
[    0.831230] pci 0000:7f:1f.2: [8086:2f8a] type 00 class 0x088000
[    0.840583] ACPI: PCI Root Bridge [PCI0] (domain 0000 [bus 00-7e])
[    0.840585] acpi PNP0A08:00: _OSC: OS supports [ExtendedConfig ASPM ClockPM Segments MSI]
[    0.841352] acpi PNP0A08:00: _OSC: OS now controls [PCIeHotplug PME AER PCIeCapability]
[    0.841390] PCI host bridge to bus 0000:00
[    0.841392] pci_bus 0000:00: root bus resource [io  0x0000-0x0cf7 window]
[    0.841393] pci_bus 0000:00: root bus resource [io  0x1000-0x7fff window]
[    0.841394] pci_bus 0000:00: root bus resource [mem 0x000a0000-0x000bffff window]
[    0.841395] pci_bus 0000:00: root bus resource [mem 0x90000000-0xc7ffbfff window]
[    0.841396] pci_bus 0000:00: root bus resource [bus 00-7e]
[    0.841403] pci 0000:00:00.0: [8086:2f00] type 00 class 0x060000
[    0.841529] pci 0000:00:01.0: [8086:2f02] type 01 class 0x060400
[    0.841575] pci 0000:00:01.0: PME# supported from D0 D3hot D3cold
[    0.841643] pci 0000:00:01.0: System wakeup disabled by ACPI
[    0.841670] pci 0000:00:03.0: [8086:2f08] type 01 class 0x060400
[    0.841713] pci 0000:00:03.0: PME# supported from D0 D3hot D3cold
[    0.841779] pci 0000:00:03.0: System wakeup disabled by ACPI
[    0.841806] pci 0000:00:03.2: [8086:2f0a] type 01 class 0x060400
[    0.841849] pci 0000:00:03.2: PME# supported from D0 D3hot D3cold
[    0.841915] pci 0000:00:03.2: System wakeup disabled by ACPI
[    0.841940] pci 0000:00:03.3: [8086:2f0b] type 01 class 0x060400
[    0.841983] pci 0000:00:03.3: PME# supported from D0 D3hot D3cold
[    0.842049] pci 0000:00:03.3: System wakeup disabled by ACPI
[    0.842075] pci 0000:00:05.0: [8086:2f28] type 00 class 0x088000
[    0.842184] pci 0000:00:05.1: [8086:2f29] type 00 class 0x088000
[    0.842302] pci 0000:00:05.2: [8086:2f2a] type 00 class 0x088000
[    0.842406] pci 0000:00:05.4: [8086:2f2c] type 00 class 0x080020
[    0.842413] pci 0000:00:05.4: reg 0x10: [mem 0xc6619000-0xc6619fff]
[    0.842534] pci 0000:00:11.0: [8086:8d7c] type 00 class 0xff0000
[    0.842696] pci 0000:00:11.4: [8086:8d62] type 00 class 0x010601
[    0.842711] pci 0000:00:11.4: reg 0x10: [io  0x7110-0x7117]
[    0.842718] pci 0000:00:11.4: reg 0x14: [io  0x7100-0x7103]
[    0.842726] pci 0000:00:11.4: reg 0x18: [io  0x70f0-0x70f7]
[    0.842733] pci 0000:00:11.4: reg 0x1c: [io  0x70e0-0x70e3]
[    0.842741] pci 0000:00:11.4: reg 0x20: [io  0x7020-0x703f]
[    0.842748] pci 0000:00:11.4: reg 0x24: [mem 0xc6618000-0xc66187ff]
[    0.842789] pci 0000:00:11.4: PME# supported from D3hot
[    0.842878] pci 0000:00:14.0: [8086:8d31] type 00 class 0x0c0330
[    0.842893] pci 0000:00:14.0: reg 0x10: [mem 0xc6600000-0xc660ffff 64bit]
[    0.842945] pci 0000:00:14.0: PME# supported from D3hot D3cold
[    0.843014] pci 0000:00:14.0: System wakeup disabled by ACPI
[    0.843042] pci 0000:00:16.0: [8086:8d3a] type 00 class 0x078000
[    0.843059] pci 0000:00:16.0: reg 0x10: [mem 0xc6617000-0xc661700f 64bit]
[    0.843118] pci 0000:00:16.0: PME# supported from D0 D3hot D3cold
[    0.843205] pci 0000:00:16.1: [8086:8d3b] type 00 class 0x078000
[    0.843222] pci 0000:00:16.1: reg 0x10: [mem 0xc6616000-0xc661600f 64bit]
[    0.843281] pci 0000:00:16.1: PME# supported from D0 D3hot D3cold
[    0.843374] pci 0000:00:1a.0: [8086:8d2d] type 00 class 0x0c0320
[    0.843391] pci 0000:00:1a.0: reg 0x10: [mem 0xc6614000-0xc66143ff]
[    0.843472] pci 0000:00:1a.0: PME# supported from D0 D3hot D3cold
[    0.843542] pci 0000:00:1a.0: System wakeup disabled by ACPI
[    0.843573] pci 0000:00:1c.0: [8086:8d10] type 01 class 0x060400
[    0.843643] pci 0000:00:1c.0: PME# supported from D0 D3hot D3cold
[    0.843665] pci 0000:00:1c.0: Enabling MPC IRBNCE
[    0.843666] pci 0000:00:1c.0: Intel PCH root port ACS workaround enabled
[    0.843721] pci 0000:00:1c.0: System wakeup disabled by ACPI
[    0.843756] pci 0000:00:1c.7: [8086:8d1e] type 01 class 0x060400
[    0.843819] pci 0000:00:1c.7: PME# supported from D0 D3hot D3cold
[    0.843833] pci 0000:00:1c.7: Enabling MPC IRBNCE
[    0.843835] pci 0000:00:1c.7: Intel PCH root port ACS workaround enabled
[    0.843888] pci 0000:00:1c.7: System wakeup disabled by ACPI
[    0.843920] pci 0000:00:1d.0: [8086:8d26] type 00 class 0x0c0320
[    0.843936] pci 0000:00:1d.0: reg 0x10: [mem 0xc6613000-0xc66133ff]
[    0.844019] pci 0000:00:1d.0: PME# supported from D0 D3hot D3cold
[    0.844088] pci 0000:00:1d.0: System wakeup disabled by ACPI
[    0.844118] pci 0000:00:1f.0: [8086:8d44] type 00 class 0x060100
[    0.844300] pci 0000:00:1f.2: [8086:8d02] type 00 class 0x010601
[    0.844313] pci 0000:00:1f.2: reg 0x10: [io  0x7070-0x7077]
[    0.844319] pci 0000:00:1f.2: reg 0x14: [io  0x7060-0x7063]
[    0.844326] pci 0000:00:1f.2: reg 0x18: [io  0x7050-0x7057]
[    0.844332] pci 0000:00:1f.2: reg 0x1c: [io  0x7040-0x7043]
[    0.844339] pci 0000:00:1f.2: reg 0x20: [io  0x7000-0x701f]
[    0.844345] pci 0000:00:1f.2: reg 0x24: [mem 0xc6612000-0xc66127ff]
[    0.844380] pci 0000:00:1f.2: PME# supported from D3hot
[    0.844461] pci 0000:00:1f.3: [8086:8d22] type 00 class 0x0c0500
[    0.844475] pci 0000:00:1f.3: reg 0x10: [mem 0xc6611000-0xc66110ff 64bit]
[    0.844493] pci 0000:00:1f.3: reg 0x20: [io  0x0580-0x059f]
[    0.844611] pci 0000:00:01.0: PCI bridge to [bus 01]
[    0.844639] pci 0000:00:03.0: PCI bridge to [bus 02]
[    0.844871] pci 0000:03:00.0: [8086:1521] type 00 class 0x020000
[    0.845037] pci 0000:03:00.0: reg 0x10: [mem 0xc6520000-0xc653ffff]
[    0.845245] pci 0000:03:00.0: reg 0x18: [io  0x6020-0x603f]
[    0.845349] pci 0000:03:00.0: reg 0x1c: [mem 0xc6544000-0xc6547fff]
[    0.846422] pci 0000:03:00.0: PME# supported from D0 D3hot D3cold
[    0.846677] pci 0000:03:00.0: reg 0x184: [mem 0x00000000-0x00003fff]
[    0.846679] pci 0000:03:00.0: VF(n) BAR0 space: [mem 0x00000000-0x0001ffff] (contains BAR0 for 8 VFs)
[    0.846812] pci 0000:03:00.0: reg 0x190: [mem 0x00000000-0x00003fff]
[    0.846813] pci 0000:03:00.0: VF(n) BAR3 space: [mem 0x00000000-0x0001ffff] (contains BAR3 for 8 VFs)
[    0.847243] pci 0000:03:00.1: [8086:1521] type 00 class 0x020000
[    0.847409] pci 0000:03:00.1: reg 0x10: [mem 0xc6500000-0xc651ffff]
[    0.847596] pci 0000:03:00.1: reg 0x18: [io  0x6000-0x601f]
[    0.847700] pci 0000:03:00.1: reg 0x1c: [mem 0xc6540000-0xc6543fff]
[    0.848786] pci 0000:03:00.1: PME# supported from D0 D3hot D3cold
[    0.849000] pci 0000:03:00.1: reg 0x184: [mem 0x00000000-0x00003fff]
[    0.849001] pci 0000:03:00.1: VF(n) BAR0 space: [mem 0x00000000-0x0001ffff] (contains BAR0 for 8 VFs)
[    0.849095] pci 0000:03:00.1: reg 0x190: [mem 0x00000000-0x00003fff]
[    0.849096] pci 0000:03:00.1: VF(n) BAR3 space: [mem 0x00000000-0x0001ffff] (contains BAR3 for 8 VFs)
[    0.852353] pci 0000:00:03.2: PCI bridge to [bus 03]
[    0.852358] pci 0000:00:03.2:   bridge window [io  0x6000-0x6fff]
[    0.852360] pci 0000:00:03.2:   bridge window [mem 0xc6500000-0xc65fffff]
[    0.852397] pci 0000:04:00.0: [8086:10fb] type 00 class 0x020000
[    0.852408] pci 0000:04:00.0: reg 0x10: [mem 0xc6200000-0xc62fffff 64bit]
[    0.852414] pci 0000:04:00.0: reg 0x18: [io  0x5020-0x503f]
[    0.852427] pci 0000:04:00.0: reg 0x20: [mem 0xc6404000-0xc6407fff 64bit]
[    0.852432] pci 0000:04:00.0: reg 0x30: [mem 0xc6380000-0xc63fffff pref]
[    0.852472] pci 0000:04:00.0: PME# supported from D0 D3hot
[    0.852492] pci 0000:04:00.0: reg 0x184: [mem 0x00000000-0x00003fff 64bit pref]
[    0.852493] pci 0000:04:00.0: VF(n) BAR0 space: [mem 0x00000000-0x000fffff 64bit pref] (contains BAR0 for 64 VFs)
[    0.852504] pci 0000:04:00.0: reg 0x190: [mem 0x00000000-0x00003fff 64bit pref]
[    0.852505] pci 0000:04:00.0: VF(n) BAR3 space: [mem 0x00000000-0x000fffff 64bit pref] (contains BAR3 for 64 VFs)
[    0.852652] pci 0000:04:00.1: [8086:10fb] type 00 class 0x020000
[    0.852664] pci 0000:04:00.1: reg 0x10: [mem 0xc6100000-0xc61fffff 64bit]
[    0.852669] pci 0000:04:00.1: reg 0x18: [io  0x5000-0x501f]
[    0.852682] pci 0000:04:00.1: reg 0x20: [mem 0xc6400000-0xc6403fff 64bit]
[    0.852687] pci 0000:04:00.1: reg 0x30: [mem 0xc6300000-0xc637ffff pref]
[    0.852725] pci 0000:04:00.1: PME# supported from D0 D3hot
[    0.852741] pci 0000:04:00.1: reg 0x184: [mem 0x00000000-0x00003fff 64bit pref]
[    0.852742] pci 0000:04:00.1: VF(n) BAR0 space: [mem 0x00000000-0x000fffff 64bit pref] (contains BAR0 for 64 VFs)
[    0.852753] pci 0000:04:00.1: reg 0x190: [mem 0x00000000-0x00003fff 64bit pref]
[    0.852754] pci 0000:04:00.1: VF(n) BAR3 space: [mem 0x00000000-0x000fffff 64bit pref] (contains BAR3 for 64 VFs)
[    0.855263] pci 0000:00:03.3: PCI bridge to [bus 04]
[    0.855265] pci 0000:00:03.3:   bridge window [io  0x5000-0x5fff]
[    0.855266] pci 0000:00:03.3:   bridge window [mem 0xc6100000-0xc64fffff]
[    0.855306] pci 0000:00:1c.0: PCI bridge to [bus 05]
[    0.855363] pci 0000:06:00.0: [1a03:1150] type 01 class 0x060400
[    0.855486] pci 0000:06:00.0: supports D1 D2
[    0.855487] pci 0000:06:00.0: PME# supported from D0 D1 D2 D3hot D3cold
[    0.855535] pci 0000:06:00.0: disabling ASPM on pre-1.1 PCIe device.  You can enable it with 'pcie_aspm=force'
[    0.855543] pci 0000:00:1c.7: PCI bridge to [bus 06-07]
[    0.855546] pci 0000:00:1c.7:   bridge window [io  0x4000-0x4fff]
[    0.855548] pci 0000:00:1c.7:   bridge window [mem 0xc4000000-0xc60fffff]
[    0.855612] pci 0000:07:00.0: [1a03:2000] type 00 class 0x030000
[    0.855637] pci 0000:07:00.0: reg 0x10: [mem 0xc4000000-0xc5ffffff]
[    0.855650] pci 0000:07:00.0: reg 0x14: [mem 0xc6000000-0xc601ffff]
[    0.855664] pci 0000:07:00.0: reg 0x18: [io  0x4000-0x407f]
[    0.855769] pci 0000:07:00.0: supports D1 D2
[    0.855770] pci 0000:07:00.0: PME# supported from D0 D1 D2 D3hot D3cold
[    0.855865] pci 0000:06:00.0: PCI bridge to [bus 07]
[    0.855873] pci 0000:06:00.0:   bridge window [io  0x4000-0x4fff]
[    0.855877] pci 0000:06:00.0:   bridge window [mem 0xc4000000-0xc60fffff]
[    0.855918] pci_bus 0000:00: on NUMA node 0
[    0.856625] ACPI: PCI Root Bridge [PCI1] (domain 0000 [bus 80-fe])
[    0.856628] acpi PNP0A08:01: _OSC: OS supports [ExtendedConfig ASPM ClockPM Segments MSI]
[    0.856800] acpi PNP0A08:01: _OSC: OS now controls [PCIeHotplug PME AER PCIeCapability]
[    0.856845] PCI host bridge to bus 0000:80
[    0.856846] pci_bus 0000:80: root bus resource [io  0x8000-0xffff window]
[    0.856847] pci_bus 0000:80: root bus resource [mem 0xc8000000-0xfbffbfff window]
[    0.856848] pci_bus 0000:80: root bus resource [bus 80-fe]
[    0.856857] pci 0000:80:03.0: [8086:2f08] type 01 class 0x060400
[    0.856898] pci 0000:80:03.0: PME# supported from D0 D3hot D3cold
[    0.856938] pci 0000:80:03.0: System wakeup disabled by ACPI
[    0.856965] pci 0000:80:05.0: [8086:2f28] type 00 class 0x088000
[    0.857040] pci 0000:80:05.1: [8086:2f29] type 00 class 0x088000
[    0.857128] pci 0000:80:05.2: [8086:2f2a] type 00 class 0x088000
[    0.857201] pci 0000:80:05.4: [8086:2f2c] type 00 class 0x080020
[    0.857207] pci 0000:80:05.4: reg 0x10: [mem 0xfbf00000-0xfbf00fff]
[    0.857323] pci 0000:81:00.0: [1000:005b] type 00 class 0x010400
[    0.857330] pci 0000:81:00.0: reg 0x10: [io  0xf000-0xf0ff]
[    0.857337] pci 0000:81:00.0: reg 0x14: [mem 0xfbe60000-0xfbe63fff 64bit]
[    0.857344] pci 0000:81:00.0: reg 0x1c: [mem 0xfbe00000-0xfbe3ffff 64bit]
[    0.857352] pci 0000:81:00.0: reg 0x30: [mem 0xfbe40000-0xfbe5ffff pref]
[    0.857386] pci 0000:81:00.0: supports D1 D2
[    0.860265] pci 0000:80:03.0: PCI bridge to [bus 81]
[    0.860271] pci 0000:80:03.0:   bridge window [io  0xf000-0xffff]
[    0.860275] pci 0000:80:03.0:   bridge window [mem 0xfbe00000-0xfbefffff]
[    0.860287] pci_bus 0000:80: on NUMA node 1
[    0.860742] ACPI: PCI Interrupt Link [LNKA] (IRQs 3 4 *5 6 7 12 14 15)
[    0.860782] ACPI: PCI Interrupt Link [LNKB] (IRQs 3 4 6 *7 9 12 14 15)
[    0.860820] ACPI: PCI Interrupt Link [LNKC] (IRQs 3 4 6 *10 12 14 15)
[    0.860858] ACPI: PCI Interrupt Link [LNKD] (IRQs 3 4 6 *11 12 14 15)
[    0.860895] ACPI: PCI Interrupt Link [LNKE] (IRQs 3 4 5 6 7 10 11 12 14 15) *0, disabled.
[    0.860934] ACPI: PCI Interrupt Link [LNKF] (IRQs 3 4 5 6 7 10 11 12 14 15) *0, disabled.
[    0.860973] ACPI: PCI Interrupt Link [LNKG] (IRQs 3 4 5 6 7 10 11 12 14 15) *0, disabled.
[    0.861011] ACPI: PCI Interrupt Link [LNKH] (IRQs 3 4 5 6 7 10 11 12 14 15) *0, disabled.
[    0.861107] ACPI: Enabled 1 GPEs in block 00 to 3F
[    0.861406] vgaarb: setting as boot device: PCI:0000:07:00.0
[    0.861407] vgaarb: device added: PCI:0000:07:00.0,decodes=io+mem,owns=io+mem,locks=none
[    0.861408] vgaarb: loaded
[    0.861409] vgaarb: bridge control possible 0000:07:00.0
[    0.861467] SCSI subsystem initialized
[    0.861486] ACPI: bus type USB registered
[    0.861503] usbcore: registered new interface driver usbfs
[    0.861510] usbcore: registered new interface driver hub
[    0.861645] usbcore: registered new device driver usb
[    0.861657] media: Linux media interface: v0.10
[    0.861662] Linux video capture interface: v2.00
[    0.861671] pps_core: LinuxPPS API ver. 1 registered
[    0.861671] pps_core: Software ver. 5.3.6 - Copyright 2005-2007 Rodolfo Giometti <giometti@linux.it>
[    0.861673] PTP clock support registered
[    0.861865] Registered efivars operations
[    0.864886] Advanced Linux Sound Architecture Driver Initialized.
[    0.864897] PCI: Using ACPI for IRQ routing
[    0.869002] PCI: pci_cache_line_size set to 64 bytes
[    0.869252] e820: reserve RAM buffer [mem 0x79b7c000-0x7bffffff]
[    0.869253] e820: reserve RAM buffer [mem 0x7dd13000-0x7fffffff]
[    0.869254] e820: reserve RAM buffer [mem 0x7e000000-0x7fffffff]
[    0.869486] NetLabel: Initializing
[    0.869487] NetLabel:  domain hash size = 128
[    0.869487] NetLabel:  protocols = UNLABELED CIPSOv4
[    0.869500] NetLabel:  unlabeled traffic allowed by default
[    0.869609] wmi: Mapper loaded
[    0.869680] hpet0: at MMIO 0xfed00000, IRQs 2, 8, 0, 0, 0, 0, 0, 0
[    0.869684] hpet0: 8 comparators, 64-bit 14.318180 MHz counter
[    0.871789] clocksource: Switched to clocksource hpet
[    0.879387] VFS: Disk quotas dquot_6.6.0
[    0.879422] VFS: Dquot-cache hash table entries: 512 (order 0, 4096 bytes)
[    0.879475] FS-Cache: Loaded
[    0.879554] pnp: PnP ACPI init
[    0.879810] pnp 00:00: Plug and Play ACPI device, IDs PNP0b00 (active)
[    0.879940] system 00:01: [io  0x0500-0x057f] has been reserved
[    0.879941] system 00:01: [io  0x0400-0x047f] has been reserved
[    0.879942] system 00:01: [io  0x0580-0x059f] has been reserved
[    0.879944] system 00:01: [io  0x0600-0x061f] has been reserved
[    0.879945] system 00:01: [io  0x0880-0x0883] has been reserved
[    0.879946] system 00:01: [io  0x0800-0x081f] has been reserved
[    0.879947] system 00:01: [mem 0xfed1c000-0xfed3ffff] has been reserved
[    0.879949] system 00:01: [mem 0xfed45000-0xfed8bfff] has been reserved
[    0.879951] system 00:01: [mem 0xff000000-0xffffffff] has been reserved
[    0.879952] system 00:01: [mem 0xfee00000-0xfeefffff] has been reserved
[    0.879953] system 00:01: [mem 0xfed12000-0xfed1200f] has been reserved
[    0.879954] system 00:01: [mem 0xfed12010-0xfed1201f] has been reserved
[    0.879955] system 00:01: [mem 0xfed1b000-0xfed1bfff] has been reserved
[    0.879957] system 00:01: Plug and Play ACPI device, IDs PNP0c02 (active)
[    0.880120] system 00:02: [io  0x0290-0x029f] has been reserved
[    0.880122] system 00:02: Plug and Play ACPI device, IDs PNP0c02 (active)
[    0.880295] pnp 00:03: [dma 0 disabled]
[    0.880329] pnp 00:03: Plug and Play ACPI device, IDs PNP0501 (active)
[    0.880488] pnp 00:04: [dma 0 disabled]
[    0.880518] pnp 00:04: Plug and Play ACPI device, IDs PNP0501 (active)
[    0.881029] pnp: PnP ACPI: found 5 devices
[    0.886878] clocksource: acpi_pm: mask: 0xffffff max_cycles: 0xffffff, max_idle_ns: 2085701024 ns
[    0.886971] pci 0000:00:03.3: bridge window [mem 0x00100000-0x000fffff 64bit pref] to [bus 04] add_size 400000 add_align 100000
[    0.886979] pci 0000:00:1c.0: bridge window [io  0x1000-0x0fff] to [bus 05] add_size 1000
[    0.886980] pci 0000:00:1c.0: bridge window [mem 0x00100000-0x000fffff 64bit pref] to [bus 05] add_size 200000 add_align 100000
[    0.886982] pci 0000:00:1c.0: bridge window [mem 0x00100000-0x000fffff] to [bus 05] add_size 200000 add_align 100000
[    0.887002] pci 0000:00:03.3: res[15]=[mem 0x00100000-0x000fffff 64bit pref] res_to_dev_res add_size 400000 min_align 100000
[    0.887003] pci 0000:00:03.3: res[15]=[mem 0x00100000-0x004fffff 64bit pref] res_to_dev_res add_size 400000 min_align 100000
[    0.887005] pci 0000:00:1c.0: res[14]=[mem 0x00100000-0x000fffff] res_to_dev_res add_size 200000 min_align 100000
[    0.887006] pci 0000:00:1c.0: res[14]=[mem 0x00100000-0x002fffff] res_to_dev_res add_size 200000 min_align 100000
[    0.887007] pci 0000:00:1c.0: res[15]=[mem 0x00100000-0x000fffff 64bit pref] res_to_dev_res add_size 200000 min_align 100000
[    0.887008] pci 0000:00:1c.0: res[15]=[mem 0x00100000-0x002fffff 64bit pref] res_to_dev_res add_size 200000 min_align 100000
[    0.887009] pci 0000:00:1c.0: res[13]=[io  0x1000-0x0fff] res_to_dev_res add_size 1000 min_align 1000
[    0.887010] pci 0000:00:1c.0: res[13]=[io  0x1000-0x1fff] res_to_dev_res add_size 1000 min_align 1000
[    0.887015] pci 0000:00:03.3: BAR 15: assigned [mem 0x90000000-0x903fffff 64bit pref]
[    0.887017] pci 0000:00:1c.0: BAR 14: assigned [mem 0x90400000-0x905fffff]
[    0.887019] pci 0000:00:1c.0: BAR 15: assigned [mem 0x90600000-0x907fffff 64bit pref]
[    0.887020] pci 0000:00:1c.0: BAR 13: assigned [io  0x1000-0x1fff]
[    0.887022] pci 0000:00:01.0: PCI bridge to [bus 01]
[    0.887028] pci 0000:00:03.0: PCI bridge to [bus 02]
[    0.887035] pci 0000:03:00.0: BAR 7: assigned [mem 0xc6548000-0xc6567fff]
[    0.887056] pci 0000:03:00.0: BAR 10: assigned [mem 0xc6568000-0xc6587fff]
[    0.887077] pci 0000:03:00.1: BAR 7: assigned [mem 0xc6588000-0xc65a7fff]
[    0.887098] pci 0000:03:00.1: BAR 10: assigned [mem 0xc65a8000-0xc65c7fff]
[    0.887119] pci 0000:00:03.2: PCI bridge to [bus 03]
[    0.887121] pci 0000:00:03.2:   bridge window [io  0x6000-0x6fff]
[    0.887123] pci 0000:00:03.2:   bridge window [mem 0xc6500000-0xc65fffff]
[    0.887128] pci 0000:04:00.0: res[7]=[mem 0x00000000-0xffffffffffffffff 64bit pref] res_to_dev_res add_size 100000 min_align 0
[    0.887129] pci 0000:04:00.0: res[10]=[mem 0x00000000-0xffffffffffffffff 64bit pref] res_to_dev_res add_size 100000 min_align 0
[    0.887130] pci 0000:04:00.1: res[7]=[mem 0x00000000-0xffffffffffffffff 64bit pref] res_to_dev_res add_size 100000 min_align 0
[    0.887131] pci 0000:04:00.1: res[10]=[mem 0x00000000-0xffffffffffffffff 64bit pref] res_to_dev_res add_size 100000 min_align 0
[    0.887133] pci 0000:04:00.0: BAR 7: assigned [mem 0x90000000-0x900fffff 64bit pref]
[    0.887135] pci 0000:04:00.0: BAR 10: assigned [mem 0x90100000-0x901fffff 64bit pref]
[    0.887138] pci 0000:04:00.1: BAR 7: assigned [mem 0x90200000-0x902fffff 64bit pref]
[    0.887141] pci 0000:04:00.1: BAR 10: assigned [mem 0x90300000-0x903fffff 64bit pref]
[    0.887143] pci 0000:00:03.3: PCI bridge to [bus 04]
[    0.887144] pci 0000:00:03.3:   bridge window [io  0x5000-0x5fff]
[    0.887147] pci 0000:00:03.3:   bridge window [mem 0xc6100000-0xc64fffff]
[    0.887148] pci 0000:00:03.3:   bridge window [mem 0x90000000-0x903fffff 64bit pref]
[    0.887152] pci 0000:00:1c.0: PCI bridge to [bus 05]
[    0.887154] pci 0000:00:1c.0:   bridge window [io  0x1000-0x1fff]
[    0.887157] pci 0000:00:1c.0:   bridge window [mem 0x90400000-0x905fffff]
[    0.887160] pci 0000:00:1c.0:   bridge window [mem 0x90600000-0x907fffff 64bit pref]
[    0.887165] pci 0000:06:00.0: PCI bridge to [bus 07]
[    0.887167] pci 0000:06:00.0:   bridge window [io  0x4000-0x4fff]
[    0.887173] pci 0000:06:00.0:   bridge window [mem 0xc4000000-0xc60fffff]
[    0.887184] pci 0000:00:1c.7: PCI bridge to [bus 06-07]
[    0.887186] pci 0000:00:1c.7:   bridge window [io  0x4000-0x4fff]
[    0.887189] pci 0000:00:1c.7:   bridge window [mem 0xc4000000-0xc60fffff]
[    0.887196] pci_bus 0000:00: resource 4 [io  0x0000-0x0cf7 window]
[    0.887197] pci_bus 0000:00: resource 5 [io  0x1000-0x7fff window]
[    0.887198] pci_bus 0000:00: resource 6 [mem 0x000a0000-0x000bffff window]
[    0.887199] pci_bus 0000:00: resource 7 [mem 0x90000000-0xc7ffbfff window]
[    0.887200] pci_bus 0000:03: resource 0 [io  0x6000-0x6fff]
[    0.887201] pci_bus 0000:03: resource 1 [mem 0xc6500000-0xc65fffff]
[    0.887202] pci_bus 0000:04: resource 0 [io  0x5000-0x5fff]
[    0.887203] pci_bus 0000:04: resource 1 [mem 0xc6100000-0xc64fffff]
[    0.887204] pci_bus 0000:04: resource 2 [mem 0x90000000-0x903fffff 64bit pref]
[    0.887205] pci_bus 0000:05: resource 0 [io  0x1000-0x1fff]
[    0.887205] pci_bus 0000:05: resource 1 [mem 0x90400000-0x905fffff]
[    0.887206] pci_bus 0000:05: resource 2 [mem 0x90600000-0x907fffff 64bit pref]
[    0.887207] pci_bus 0000:06: resource 0 [io  0x4000-0x4fff]
[    0.887208] pci_bus 0000:06: resource 1 [mem 0xc4000000-0xc60fffff]
[    0.887209] pci_bus 0000:07: resource 0 [io  0x4000-0x4fff]
[    0.887210] pci_bus 0000:07: resource 1 [mem 0xc4000000-0xc60fffff]
[    0.887317] pci 0000:80:03.0: PCI bridge to [bus 81]
[    0.887318] pci 0000:80:03.0:   bridge window [io  0xf000-0xffff]
[    0.887320] pci 0000:80:03.0:   bridge window [mem 0xfbe00000-0xfbefffff]
[    0.887324] pci_bus 0000:80: resource 4 [io  0x8000-0xffff window]
[    0.887325] pci_bus 0000:80: resource 5 [mem 0xc8000000-0xfbffbfff window]
[    0.887326] pci_bus 0000:81: resource 0 [io  0xf000-0xffff]
[    0.887327] pci_bus 0000:81: resource 1 [mem 0xfbe00000-0xfbefffff]
[    0.887435] NET: Registered protocol family 2
[    0.887914] TCP established hash table entries: 524288 (order: 10, 4194304 bytes)
[    0.888541] TCP bind hash table entries: 65536 (order: 8, 1048576 bytes)
[    0.888687] TCP: Hash tables configured (established 524288 bind 65536)
[    0.888808] UDP hash table entries: 65536 (order: 9, 2097152 bytes)
[    0.889166] UDP-Lite hash table entries: 65536 (order: 9, 2097152 bytes)
[    0.889609] NET: Registered protocol family 1
[    0.889870] RPC: Registered named UNIX socket transport module.
[    0.889871] RPC: Registered udp transport module.
[    0.889871] RPC: Registered tcp transport module.
[    0.889872] RPC: Registered tcp NFSv4.1 backchannel transport module.
[    0.922929] PCI: CLS mismatch (64 != 32), using 64 bytes
[    0.922950] pci 0000:07:00.0: Video device with shadowed ROM at [mem 0x000c0000-0x000dffff]
[    0.922961] pci 0000:81:00.0: [Firmware Bug]: disabling VPD access (can't determine size of non-standard VPD format)
[    0.923036] Unpacking initramfs...
[    1.217855] Freeing initrd memory: 28372K
[    1.229516] DMAR: dmar0: Using Queued invalidation
[    1.229526] DMAR: dmar1: Using Queued invalidation
[    1.229571] DMAR: Setting RMRR:
[    1.229961] DMAR: Setting identity map for device 0000:00:14.0 [0x7db81000 - 0x7db90fff]
[    1.230326] DMAR: Setting identity map for device 0000:00:1a.0 [0x7db81000 - 0x7db90fff]
[    1.230686] DMAR: Setting identity map for device 0000:00:1d.0 [0x7db81000 - 0x7db90fff]
[    1.230715] DMAR: Prepare 0-16MiB unity mapping for LPC
[    1.231100] DMAR: Setting identity map for device 0000:00:1f.0 [0x0 - 0xffffff]
[    1.231108] DMAR: Intel(R) Virtualization Technology for Directed I/O
[    1.231313] iommu: Adding device 0000:ff:08.0 to group 0
[    1.231343] iommu: Adding device 0000:ff:08.2 to group 0
[    1.231373] iommu: Adding device 0000:ff:08.3 to group 0
[    1.231479] iommu: Adding device 0000:ff:09.0 to group 1
[    1.231509] iommu: Adding device 0000:ff:09.2 to group 1
[    1.231539] iommu: Adding device 0000:ff:09.3 to group 1
[    1.231647] iommu: Adding device 0000:ff:0b.0 to group 2
[    1.231677] iommu: Adding device 0000:ff:0b.1 to group 2
[    1.231708] iommu: Adding device 0000:ff:0b.2 to group 2
[    1.231946] iommu: Adding device 0000:ff:0c.0 to group 3
[    1.231978] iommu: Adding device 0000:ff:0c.1 to group 3
[    1.232009] iommu: Adding device 0000:ff:0c.2 to group 3
[    1.232040] iommu: Adding device 0000:ff:0c.3 to group 3
[    1.232070] iommu: Adding device 0000:ff:0c.4 to group 3
[    1.232102] iommu: Adding device 0000:ff:0c.5 to group 3
[    1.232133] iommu: Adding device 0000:ff:0c.6 to group 3
[    1.232164] iommu: Adding device 0000:ff:0c.7 to group 3
[    1.232295] iommu: Adding device 0000:ff:0d.0 to group 4
[    1.232327] iommu: Adding device 0000:ff:0d.1 to group 4
[    1.232359] iommu: Adding device 0000:ff:0d.2 to group 4
[    1.232390] iommu: Adding device 0000:ff:0d.3 to group 4
[    1.232598] iommu: Adding device 0000:ff:0f.0 to group 5
[    1.232631] iommu: Adding device 0000:ff:0f.1 to group 5
[    1.232664] iommu: Adding device 0000:ff:0f.2 to group 5
[    1.232696] iommu: Adding device 0000:ff:0f.3 to group 5
[    1.232728] iommu: Adding device 0000:ff:0f.4 to group 5
[    1.232765] iommu: Adding device 0000:ff:0f.5 to group 5
[    1.232798] iommu: Adding device 0000:ff:0f.6 to group 5
[    1.232954] iommu: Adding device 0000:ff:10.0 to group 6
[    1.232989] iommu: Adding device 0000:ff:10.1 to group 6
[    1.233023] iommu: Adding device 0000:ff:10.5 to group 6
[    1.233056] iommu: Adding device 0000:ff:10.6 to group 6
[    1.233089] iommu: Adding device 0000:ff:10.7 to group 6
[    1.233220] iommu: Adding device 0000:ff:12.0 to group 7
[    1.233254] iommu: Adding device 0000:ff:12.1 to group 7
[    1.233288] iommu: Adding device 0000:ff:12.4 to group 7
[    1.233321] iommu: Adding device 0000:ff:12.5 to group 7
[    1.233503] iommu: Adding device 0000:ff:13.0 to group 8
[    1.233539] iommu: Adding device 0000:ff:13.1 to group 8
[    1.233573] iommu: Adding device 0000:ff:13.2 to group 8
[    1.233607] iommu: Adding device 0000:ff:13.3 to group 8
[    1.233641] iommu: Adding device 0000:ff:13.6 to group 8
[    1.233675] iommu: Adding device 0000:ff:13.7 to group 8
[    1.233912] iommu: Adding device 0000:ff:14.0 to group 9
[    1.233947] iommu: Adding device 0000:ff:14.1 to group 9
[    1.233984] iommu: Adding device 0000:ff:14.2 to group 9
[    1.234019] iommu: Adding device 0000:ff:14.3 to group 9
[    1.234054] iommu: Adding device 0000:ff:14.4 to group 9
[    1.234089] iommu: Adding device 0000:ff:14.5 to group 9
[    1.234124] iommu: Adding device 0000:ff:14.6 to group 9
[    1.234159] iommu: Adding device 0000:ff:14.7 to group 9
[    1.234340] iommu: Adding device 0000:ff:16.0 to group 10
[    1.234377] iommu: Adding device 0000:ff:16.1 to group 10
[    1.234414] iommu: Adding device 0000:ff:16.2 to group 10
[    1.234450] iommu: Adding device 0000:ff:16.3 to group 10
[    1.234485] iommu: Adding device 0000:ff:16.6 to group 10
[    1.234521] iommu: Adding device 0000:ff:16.7 to group 10
[    1.234757] iommu: Adding device 0000:ff:17.0 to group 11
[    1.234795] iommu: Adding device 0000:ff:17.1 to group 11
[    1.234832] iommu: Adding device 0000:ff:17.2 to group 11
[    1.234868] iommu: Adding device 0000:ff:17.3 to group 11
[    1.234906] iommu: Adding device 0000:ff:17.4 to group 11
[    1.234942] iommu: Adding device 0000:ff:17.5 to group 11
[    1.234979] iommu: Adding device 0000:ff:17.6 to group 11
[    1.235016] iommu: Adding device 0000:ff:17.7 to group 11
[    1.235171] iommu: Adding device 0000:ff:1e.0 to group 12
[    1.235209] iommu: Adding device 0000:ff:1e.1 to group 12
[    1.235247] iommu: Adding device 0000:ff:1e.2 to group 12
[    1.235284] iommu: Adding device 0000:ff:1e.3 to group 12
[    1.235326] iommu: Adding device 0000:ff:1e.4 to group 12
[    1.235406] iommu: Adding device 0000:ff:1f.0 to group 13
[    1.235445] iommu: Adding device 0000:ff:1f.2 to group 13
[    1.235551] iommu: Adding device 0000:7f:08.0 to group 14
[    1.235591] iommu: Adding device 0000:7f:08.2 to group 14
[    1.235630] iommu: Adding device 0000:7f:08.3 to group 14
[    1.235736] iommu: Adding device 0000:7f:09.0 to group 15
[    1.235782] iommu: Adding device 0000:7f:09.2 to group 15
[    1.235822] iommu: Adding device 0000:7f:09.3 to group 15
[    1.235928] iommu: Adding device 0000:7f:0b.0 to group 16
[    1.235969] iommu: Adding device 0000:7f:0b.1 to group 16
[    1.236009] iommu: Adding device 0000:7f:0b.2 to group 16
[    1.236241] iommu: Adding device 0000:7f:0c.0 to group 17
[    1.236282] iommu: Adding device 0000:7f:0c.1 to group 17
[    1.236324] iommu: Adding device 0000:7f:0c.2 to group 17
[    1.236365] iommu: Adding device 0000:7f:0c.3 to group 17
[    1.236407] iommu: Adding device 0000:7f:0c.4 to group 17
[    1.236448] iommu: Adding device 0000:7f:0c.5 to group 17
[    1.236489] iommu: Adding device 0000:7f:0c.6 to group 17
[    1.236530] iommu: Adding device 0000:7f:0c.7 to group 17
[    1.236661] iommu: Adding device 0000:7f:0d.0 to group 18
[    1.236703] iommu: Adding device 0000:7f:0d.1 to group 18
[    1.236746] iommu: Adding device 0000:7f:0d.2 to group 18
[    1.236792] iommu: Adding device 0000:7f:0d.3 to group 18
[    1.237000] iommu: Adding device 0000:7f:0f.0 to group 19
[    1.237043] iommu: Adding device 0000:7f:0f.1 to group 19
[    1.237085] iommu: Adding device 0000:7f:0f.2 to group 19
[    1.237128] iommu: Adding device 0000:7f:0f.3 to group 19
[    1.237170] iommu: Adding device 0000:7f:0f.4 to group 19
[    1.237212] iommu: Adding device 0000:7f:0f.5 to group 19
[    1.237256] iommu: Adding device 0000:7f:0f.6 to group 19
[    1.237413] iommu: Adding device 0000:7f:10.0 to group 20
[    1.237456] iommu: Adding device 0000:7f:10.1 to group 20
[    1.237500] iommu: Adding device 0000:7f:10.5 to group 20
[    1.237543] iommu: Adding device 0000:7f:10.6 to group 20
[    1.237586] iommu: Adding device 0000:7f:10.7 to group 20
[    1.237717] iommu: Adding device 0000:7f:12.0 to group 21
[    1.237765] iommu: Adding device 0000:7f:12.1 to group 21
[    1.237810] iommu: Adding device 0000:7f:12.4 to group 21
[    1.237855] iommu: Adding device 0000:7f:12.5 to group 21
[    1.238036] iommu: Adding device 0000:7f:13.0 to group 22
[    1.238081] iommu: Adding device 0000:7f:13.1 to group 22
[    1.238126] iommu: Adding device 0000:7f:13.2 to group 22
[    1.238170] iommu: Adding device 0000:7f:13.3 to group 22
[    1.238215] iommu: Adding device 0000:7f:13.6 to group 22
[    1.238259] iommu: Adding device 0000:7f:13.7 to group 22
[    1.238492] iommu: Adding device 0000:7f:14.0 to group 23
[    1.238538] iommu: Adding device 0000:7f:14.1 to group 23
[    1.238584] iommu: Adding device 0000:7f:14.2 to group 23
[    1.238629] iommu: Adding device 0000:7f:14.3 to group 23
[    1.238675] iommu: Adding device 0000:7f:14.4 to group 23
[    1.238720] iommu: Adding device 0000:7f:14.5 to group 23
[    1.238771] iommu: Adding device 0000:7f:14.6 to group 23
[    1.238817] iommu: Adding device 0000:7f:14.7 to group 23
[    1.239000] iommu: Adding device 0000:7f:16.0 to group 24
[    1.239046] iommu: Adding device 0000:7f:16.1 to group 24
[    1.239094] iommu: Adding device 0000:7f:16.2 to group 24
[    1.239141] iommu: Adding device 0000:7f:16.3 to group 24
[    1.239188] iommu: Adding device 0000:7f:16.6 to group 24
[    1.239234] iommu: Adding device 0000:7f:16.7 to group 24
[    1.239467] iommu: Adding device 0000:7f:17.0 to group 25
[    1.239515] iommu: Adding device 0000:7f:17.1 to group 25
[    1.239563] iommu: Adding device 0000:7f:17.2 to group 25
[    1.239611] iommu: Adding device 0000:7f:17.3 to group 25
[    1.239658] iommu: Adding device 0000:7f:17.4 to group 25
[    1.239706] iommu: Adding device 0000:7f:17.5 to group 25
[    1.239758] iommu: Adding device 0000:7f:17.6 to group 25
[    1.239805] iommu: Adding device 0000:7f:17.7 to group 25
[    1.239961] iommu: Adding device 0000:7f:1e.0 to group 26
[    1.240011] iommu: Adding device 0000:7f:1e.1 to group 26
[    1.240060] iommu: Adding device 0000:7f:1e.2 to group 26
[    1.240109] iommu: Adding device 0000:7f:1e.3 to group 26
[    1.240157] iommu: Adding device 0000:7f:1e.4 to group 26
[    1.240238] iommu: Adding device 0000:7f:1f.0 to group 27
[    1.240287] iommu: Adding device 0000:7f:1f.2 to group 27
[    1.240317] iommu: Adding device 0000:00:00.0 to group 28
[    1.240349] iommu: Adding device 0000:00:01.0 to group 29
[    1.240383] iommu: Adding device 0000:00:03.0 to group 30
[    1.240416] iommu: Adding device 0000:00:03.2 to group 31
[    1.240449] iommu: Adding device 0000:00:03.3 to group 32
[    1.240582] iommu: Adding device 0000:00:05.0 to group 33
[    1.240634] iommu: Adding device 0000:00:05.1 to group 33
[    1.240685] iommu: Adding device 0000:00:05.2 to group 33
[    1.240737] iommu: Adding device 0000:00:05.4 to group 33
[    1.240824] iommu: Adding device 0000:00:11.0 to group 34
[    1.240876] iommu: Adding device 0000:00:11.4 to group 34
[    1.240906] iommu: Adding device 0000:00:14.0 to group 35
[    1.240987] iommu: Adding device 0000:00:16.0 to group 36
[    1.241038] iommu: Adding device 0000:00:16.1 to group 36
[    1.241070] iommu: Adding device 0000:00:1a.0 to group 37
[    1.241101] iommu: Adding device 0000:00:1c.0 to group 38
[    1.241132] iommu: Adding device 0000:00:1c.7 to group 39
[    1.241163] iommu: Adding device 0000:00:1d.0 to group 40
[    1.241269] iommu: Adding device 0000:00:1f.0 to group 41
[    1.241321] iommu: Adding device 0000:00:1f.2 to group 41
[    1.241373] iommu: Adding device 0000:00:1f.3 to group 41
[    1.241407] iommu: Adding device 0000:03:00.0 to group 42
[    1.241439] iommu: Adding device 0000:03:00.1 to group 43
[    1.241471] iommu: Adding device 0000:04:00.0 to group 44
[    1.241503] iommu: Adding device 0000:04:00.1 to group 45
[    1.241534] iommu: Adding device 0000:06:00.0 to group 46
[    1.241539] iommu: Adding device 0000:07:00.0 to group 46
[    1.241571] iommu: Adding device 0000:80:03.0 to group 47
[    1.241705] iommu: Adding device 0000:80:05.0 to group 48
[    1.241764] iommu: Adding device 0000:80:05.1 to group 48
[    1.241819] iommu: Adding device 0000:80:05.2 to group 48
[    1.241873] iommu: Adding device 0000:80:05.4 to group 48
[    1.241906] iommu: Adding device 0000:81:00.0 to group 49
[    1.243339] Intel CQM monitoring enabled
[    1.244313] RAPL PMU: API unit is 2^-32 Joules, 4 fixed counters, 655360 ms ovfl timer
[    1.244314] RAPL PMU: hw unit of domain pp0-core 2^-14 Joules
[    1.244315] RAPL PMU: hw unit of domain package 2^-14 Joules
[    1.244316] RAPL PMU: hw unit of domain dram 2^-14 Joules
[    1.244316] RAPL PMU: hw unit of domain pp1-gpu 2^-14 Joules
[    1.248553] Scanning for low memory corruption every 60 seconds
[    1.250272] workingset: timestamp_bits=56 max_order=26 bucket_order=0
[    1.252097] FS-Cache: Netfs 'nfs' registered for caching
[    1.252262] NFS: Registering the id_resolver key type
[    1.252269] Key type id_resolver registered
[    1.252270] Key type id_legacy registered
[    1.252273] nfs4filelayout_init: NFSv4 File Layout Driver Registering...
[    1.252584] FS-Cache: Netfs 'cifs' registered for caching
[    1.252644] Key type cifs.spnego registered
[    1.252646] Key type cifs.idmap registered
[    1.252647] ntfs: driver 2.1.32 [Flags: R/W].
[    1.252718] fuse init (API version 7.26)
[    1.254071] async_tx: api initialized (async)
[    1.254103] Block layer SCSI generic (bsg) driver version 0.4 loaded (major 249)
[    1.254104] io scheduler noop registered
[    1.254105] io scheduler deadline registered
[    1.254136] io scheduler cfq registered (default)
[    1.255780] aer 0000:00:01.0:pcie002: service driver aer loaded
[    1.255796] aer 0000:00:03.0:pcie002: service driver aer loaded
[    1.255809] aer 0000:00:03.2:pcie002: service driver aer loaded
[    1.255822] aer 0000:00:03.3:pcie002: service driver aer loaded
[    1.255840] aer 0000:80:03.0:pcie002: service driver aer loaded
[    1.255850] pcieport 0000:00:01.0: Signaling PME through PCIe PME interrupt
[    1.255852] pcie_pme 0000:00:01.0:pcie001: service driver pcie_pme loaded
[    1.255857] pcieport 0000:00:03.0: Signaling PME through PCIe PME interrupt
[    1.255859] pcie_pme 0000:00:03.0:pcie001: service driver pcie_pme loaded
[    1.255864] pcieport 0000:00:03.2: Signaling PME through PCIe PME interrupt
[    1.255866] pci 0000:03:00.0: Signaling PME through PCIe PME interrupt
[    1.255867] pci 0000:03:00.1: Signaling PME through PCIe PME interrupt
[    1.255869] pcie_pme 0000:00:03.2:pcie001: service driver pcie_pme loaded
[    1.255874] pcieport 0000:00:03.3: Signaling PME through PCIe PME interrupt
[    1.255875] pci 0000:04:00.0: Signaling PME through PCIe PME interrupt
[    1.255876] pci 0000:04:00.1: Signaling PME through PCIe PME interrupt
[    1.255878] pcie_pme 0000:00:03.3:pcie001: service driver pcie_pme loaded
[    1.255887] pcieport 0000:00:1c.0: Signaling PME through PCIe PME interrupt
[    1.255890] pcie_pme 0000:00:1c.0:pcie001: service driver pcie_pme loaded
[    1.255902] pcieport 0000:00:1c.7: Signaling PME through PCIe PME interrupt
[    1.255903] pci 0000:06:00.0: Signaling PME through PCIe PME interrupt
[    1.255904] pci 0000:07:00.0: Signaling PME through PCIe PME interrupt
[    1.255906] pcie_pme 0000:00:1c.7:pcie001: service driver pcie_pme loaded
[    1.255912] pcieport 0000:80:03.0: Signaling PME through PCIe PME interrupt
[    1.255913] pci 0000:81:00.0: Signaling PME through PCIe PME interrupt
[    1.255915] pcie_pme 0000:80:03.0:pcie001: service driver pcie_pme loaded
[    1.255919] pci_hotplug: PCI Hot Plug PCI Core version: 0.5
[    1.255927] pciehp 0000:00:1c.0:pcie004: Slot #0 AttnBtn- PwrCtrl- MRL- AttnInd- PwrInd- HotPlug+ Surprise+ Interlock- NoCompl+ LLActRep+
[    1.256010] pciehp 0000:00:1c.0:pcie004: service driver pciehp loaded
[    1.256015] pciehp: PCI Express Hot Plug Controller Driver version: 0.4
[    1.256125] efifb: probing for efifb
[    1.256143] efifb: framebuffer at 0xc4000000, using 1920k, total 1920k
[    1.256144] efifb: mode is 800x600x32, linelength=3200, pages=1
[    1.256145] efifb: scrolling: redraw
[    1.256146] efifb: Truecolor: size=8:8:8:8, shift=24:16:8:0
[    1.266586] Console: switching to colour frame buffer device 100x37
[    1.276800] fb0: EFI VGA frame buffer device
[    1.277036] input: Power Button as /devices/LNXSYSTM:00/LNXSYBUS:00/PNP0C0C:00/input/input0
[    1.277039] ACPI: Power Button [PWRB]
[    1.277069] input: Power Button as /devices/LNXSYSTM:00/LNXPWRBN:00/input/input1
[    1.277070] ACPI: Power Button [PWRF]
[    1.277257] Monitor-Mwait will be used to enter C-1 state
[    1.284871] Serial: 8250/16550 driver, 4 ports, IRQ sharing enabled
[    1.305457] 00:03: ttyS0 at I/O 0x3f8 (irq = 4, base_baud = 115200) is a 16550A
[    1.326056] 00:04: ttyS1 at I/O 0x2f8 (irq = 3, base_baud = 115200) is a 16550A
[    1.326487] Non-volatile memory driver v1.3
[    1.331858] loop: module loaded
[    1.331994] eql: Equalizer2002: Simon Janes (simon@ncm.com) and David S. Miller (davem@redhat.com)
[    1.332308] libphy: Fixed MDIO Bus: probed
[    1.332488] tun: Universal TUN/TAP device driver, 1.6
[    1.332488] tun: (C) 1999-2004 Max Krasnyansky <maxk@qualcomm.com>
[    1.332529] pcnet32: pcnet32.c:v1.35 21.Apr.2008 tsbogend@alpha.franken.de
[    1.332602] cnic: QLogic cnicDriver v2.5.22 (July 20, 2015)
[    1.332680] sky2: driver version 1.30
[    1.332778] VMware vmxnet3 virtual NIC driver - version 1.4.a.0-k-NAPI
[    1.332826] VFIO - User Level meta-driver version: 0.3
[    1.333190] ehci_hcd: USB 2.0 'Enhanced' Host Controller (EHCI) Driver
[    1.333191] ehci-pci: EHCI PCI platform driver
[    1.333407] ehci-pci 0000:00:1a.0: EHCI Host Controller
[    1.333452] ehci-pci 0000:00:1a.0: new USB bus registered, assigned bus number 1
[    1.333462] ehci-pci 0000:00:1a.0: debug port 2
[    1.337352] ehci-pci 0000:00:1a.0: cache line size of 64 is not supported
[    1.337364] ehci-pci 0000:00:1a.0: irq 19, io mem 0xc6614000
[    1.343773] ehci-pci 0000:00:1a.0: USB 2.0 started, EHCI 1.00
[    1.343824] usb usb1: New USB device found, idVendor=1d6b, idProduct=0002
[    1.343826] usb usb1: New USB device strings: Mfr=3, Product=2, SerialNumber=1
[    1.343828] usb usb1: Product: EHCI Host Controller
[    1.343830] usb usb1: Manufacturer: Linux 4.9.152 ehci_hcd
[    1.343831] usb usb1: SerialNumber: 0000:00:1a.0
[    1.343980] hub 1-0:1.0: USB hub found
[    1.343986] hub 1-0:1.0: 2 ports detected
[    1.344270] ehci-pci 0000:00:1d.0: EHCI Host Controller
[    1.344305] ehci-pci 0000:00:1d.0: new USB bus registered, assigned bus number 2
[    1.344314] ehci-pci 0000:00:1d.0: debug port 2
[    1.348211] ehci-pci 0000:00:1d.0: cache line size of 64 is not supported
[    1.348224] ehci-pci 0000:00:1d.0: irq 18, io mem 0xc6613000
[    1.354763] ehci-pci 0000:00:1d.0: USB 2.0 started, EHCI 1.00
[    1.354805] usb usb2: New USB device found, idVendor=1d6b, idProduct=0002
[    1.354807] usb usb2: New USB device strings: Mfr=3, Product=2, SerialNumber=1
[    1.354809] usb usb2: Product: EHCI Host Controller
[    1.354811] usb usb2: Manufacturer: Linux 4.9.152 ehci_hcd
[    1.354812] usb usb2: SerialNumber: 0000:00:1d.0
[    1.354937] hub 2-0:1.0: USB hub found
[    1.354940] hub 2-0:1.0: 2 ports detected
[    1.355063] ohci_hcd: USB 1.1 'Open' Host Controller (OHCI) Driver
[    1.355066] ohci-pci: OHCI PCI platform driver
[    1.355109] uhci_hcd: USB Universal Host Controller Interface driver
[    1.355276] xhci_hcd 0000:00:14.0: xHCI Host Controller
[    1.355312] xhci_hcd 0000:00:14.0: new USB bus registered, assigned bus number 3
[    1.356422] xhci_hcd 0000:00:14.0: hcc params 0x200077c1 hci version 0x100 quirks 0x00009810
[    1.356426] xhci_hcd 0000:00:14.0: cache line size of 64 is not supported
[    1.356458] usb usb3: New USB device found, idVendor=1d6b, idProduct=0002
[    1.356459] usb usb3: New USB device strings: Mfr=3, Product=2, SerialNumber=1
[    1.356460] usb usb3: Product: xHCI Host Controller
[    1.356461] usb usb3: Manufacturer: Linux 4.9.152 xhci-hcd
[    1.356462] usb usb3: SerialNumber: 0000:00:14.0
[    1.356541] hub 3-0:1.0: USB hub found
[    1.356557] hub 3-0:1.0: 15 ports detected
[    1.357205] xhci_hcd 0000:00:14.0: xHCI Host Controller
[    1.357250] xhci_hcd 0000:00:14.0: new USB bus registered, assigned bus number 4
[    1.357280] usb usb4: New USB device found, idVendor=1d6b, idProduct=0003
[    1.357281] usb usb4: New USB device strings: Mfr=3, Product=2, SerialNumber=1
[    1.357282] usb usb4: Product: xHCI Host Controller
[    1.357283] usb usb4: Manufacturer: Linux 4.9.152 xhci-hcd
[    1.357284] usb usb4: SerialNumber: 0000:00:14.0
[    1.357356] hub 4-0:1.0: USB hub found
[    1.357366] hub 4-0:1.0: 6 ports detected
[    1.357771] usbcore: registered new interface driver usblp
[    1.357800] usbcore: registered new interface driver usb-storage
[    1.357835] i8042: PNP: No PS/2 controller found. Probing ports directly.
[    1.359961] serio: i8042 KBD port at 0x60,0x64 irq 1
[    1.359964] serio: i8042 AUX port at 0x60,0x64 irq 12
[    1.360060] mousedev: PS/2 mouse device common for all mice
[    1.360168] rtc_cmos 00:00: RTC can wake from S4
[    1.360310] rtc_cmos 00:00: rtc core: registered rtc_cmos as rtc0
[    1.360335] rtc_cmos 00:00: alarms up to one month, y3k, 114 bytes nvram, hpet irqs
[    1.360341] md: linear personality registered for level -1
[    1.360342] md: raid0 personality registered for level 0
[    1.360343] md: raid1 personality registered for level 1
[    1.360343] md: raid10 personality registered for level 10
[    1.360393] md: raid6 personality registered for level 6
[    1.360394] md: raid5 personality registered for level 5
[    1.360394] md: raid4 personality registered for level 4
[    1.360395] md: multipath personality registered for level -4
[    1.360397] EFI Variables Facility v0.08 2004-May-17
[    1.363481] hidraw: raw HID events driver (C) Jiri Kosina
[    1.363590] usbcore: registered new interface driver usbhid
[    1.363591] usbhid: USB HID core driver
[    1.363936] usbcore: registered new interface driver snd_usb_variax
[    1.364016] Netfilter messages via NETLINK v0.30.
[    1.364213] nf_conntrack version 0.5.0 (65536 buckets, 262144 max)
[    1.364254] ctnetlink v0.93: registering with nfnetlink.
[    1.364277] IPVS: Registered protocols (TCP, UDP, SCTP, AH, ESP)
[    1.364319] IPVS: Connection hash table configured (size=4096, memory=64Kbytes)
[    1.364347] IPVS: Creating netns size=2104 id=0
[    1.364358] IPVS: ipvs loaded.
[    1.364414] ip_tables: (C) 2000-2006 Netfilter Core Team
[    1.364550] Initializing XFRM netlink socket
[    1.364655] NET: Registered protocol family 10
[    1.365136] sit: IPv6, IPv4 and MPLS over IPv4 tunneling driver
[    1.365285] NET: Registered protocol family 17
[    1.365298] lib80211: common routines for IEEE802.11 drivers
[    1.365300] lib80211_crypt: registered algorithm 'NULL'
[    1.365300] lib80211_crypt: registered algorithm 'WEP'
[    1.365301] lib80211_crypt: registered algorithm 'CCMP'
[    1.365302] lib80211_crypt: registered algorithm 'TKIP'
[    1.365310] 9pnet: Installing 9P2000 support
[    1.365324] Key type dns_resolver registered
[    1.366433] microcode: sig=0x306f2, pf=0x1, revision=0x3d
[    1.366710] microcode: Microcode Update Driver: v2.01 <tigran@aivazian.fsnet.co.uk>, Peter Oruba
[    1.366863] registered taskstats version 1
[    1.369399] Key type encrypted registered
[    1.370059]   Magic number: 7:831:883
[    1.370111] cpuid cpu39: hash matches
[    1.370220] acpi device:f2: hash matches
[    1.370316] processor cpu39: hash matches
[    1.370333] console [netcon0] enabled
[    1.370334] netconsole: network logging started
[    1.370788] PM: Hibernation image not present or could not be loaded.
[    1.370788] ALSA device list:
[    1.370789]   No soundcards found.
[    1.371640] Freeing unused kernel memory: 1248K
[    1.371641] Write protecting the kernel read-only data: 14336k
[    1.371864] Freeing unused kernel memory: 132K
[    1.373481] Freeing unused kernel memory: 736K
[    1.373838] traps: init[1] trap int3 ip:402178 sp:7ffe5518ee50 error:0
[    1.373841]  in init[400000+3000]
[    1.378757] systemd-udevd[381]: starting version 232
[    1.379239] random: systemd-udevd: uninitialized urandom read (16 bytes read)
[    1.379325] random: systemd-udevd: uninitialized urandom read (16 bytes read)
[    1.379334] random: systemd-udevd: uninitialized urandom read (16 bytes read)
[    1.511879] igb: Intel(R) Gigabit Ethernet Network Driver - version 5.4.0-k
[    1.511881] igb: Copyright (c) 2007-2014 Intel Corporation.
[    1.514002] libata version 3.00 loaded.
[    1.515247] ixgbe: Intel(R) 10 Gigabit PCI Express Network Driver - version 4.4.0-k
[    1.515247] ixgbe: Copyright (c) 1999-2016 Intel Corporation.
[    1.517204] ahci 0000:00:11.4: version 3.0
[    1.517381] ahci 0000:00:11.4: AHCI 0001.0300 32 slots 4 ports 6 Gbps 0xf impl SATA mode
[    1.517383] ahci 0000:00:11.4: flags: 64bit ncq pm led clo pio slum part ems apst 
[    1.517625] megasas: 06.811.02.00-rc1
[    1.518547] megaraid_sas 0000:81:00.0: FW now in Ready state
[    1.518787] megaraid_sas 0000:81:00.0: firmware supports msix	: (16)
[    1.518788] megaraid_sas 0000:81:00.0: current msix/online cpus	: (16/48)
[    1.518789] megaraid_sas 0000:81:00.0: RDPQ mode	: (disabled)
[    1.518905] megaraid_sas 0000:81:00.0: Current firmware maximum commands: 1008	 LDIO threshold: 0
[    1.528112] scsi host1: ahci
[    1.528240] scsi host2: ahci
[    1.528325] scsi host3: ahci
[    1.528407] scsi host4: ahci
[    1.528472] ata1: SATA max UDMA/133 abar m2048@0xc6618000 port 0xc6618100 irq 45
[    1.528474] ata2: SATA max UDMA/133 abar m2048@0xc6618000 port 0xc6618180 irq 45
[    1.528475] ata3: SATA max UDMA/133 abar m2048@0xc6618000 port 0xc6618200 irq 45
[    1.528477] ata4: SATA max UDMA/133 abar m2048@0xc6618000 port 0xc6618280 irq 45
[    1.528670] ahci 0000:00:1f.2: AHCI 0001.0300 32 slots 6 ports 6 Gbps 0x3f impl SATA mode
[    1.528672] ahci 0000:00:1f.2: flags: 64bit ncq pm led clo pio slum part ems apst 
[    1.542744] megaraid_sas 0000:81:00.0: Init cmd success
[    1.545037] scsi host5: ahci
[    1.545127] scsi host6: ahci
[    1.545210] scsi host7: ahci
[    1.545293] scsi host8: ahci
[    1.545374] scsi host9: ahci
[    1.545456] scsi host10: ahci
[    1.545486] ata5: SATA max UDMA/133 abar m2048@0xc6612000 port 0xc6612100 irq 62
[    1.545487] ata6: SATA max UDMA/133 abar m2048@0xc6612000 port 0xc6612180 irq 62
[    1.545488] ata7: SATA max UDMA/133 abar m2048@0xc6612000 port 0xc6612200 irq 62
[    1.545490] ata8: SATA max UDMA/133 abar m2048@0xc6612000 port 0xc6612280 irq 62
[    1.545491] ata9: SATA max UDMA/133 abar m2048@0xc6612000 port 0xc6612300 irq 62
[    1.545492] ata10: SATA max UDMA/133 abar m2048@0xc6612000 port 0xc6612380 irq 62
[    1.574181] igb 0000:03:00.0: added PHC on eth0
[    1.574182] igb 0000:03:00.0: Intel(R) Gigabit Ethernet Network Connection
[    1.574184] igb 0000:03:00.0: eth0: (PCIe:5.0Gb/s:Width x2) 2c:4d:54:47:b4:11
[    1.574301] igb 0000:03:00.0: eth0: PBA No: 106300-000
[    1.574302] igb 0000:03:00.0: Using MSI-X interrupts. 8 rx queue(s), 8 tx queue(s)
[    1.586741] megaraid_sas 0000:81:00.0: firmware type	: Extended VD(240 VD)firmware
[    1.586743] megaraid_sas 0000:81:00.0: controller type	: MR(1024MB)
[    1.586745] megaraid_sas 0000:81:00.0: Online Controller Reset(OCR)	: Enabled
[    1.586746] megaraid_sas 0000:81:00.0: Secure JBOD support	: No
[    1.608878] megaraid_sas 0000:81:00.0: INIT adapter done
[    1.608880] megaraid_sas 0000:81:00.0: Jbod map is not supported megasas_setup_jbod_map 4967
[    1.635620] igb 0000:03:00.1: added PHC on eth1
[    1.635621] igb 0000:03:00.1: Intel(R) Gigabit Ethernet Network Connection
[    1.635622] igb 0000:03:00.1: eth1: (PCIe:5.0Gb/s:Width x2) 2c:4d:54:47:b4:12
[    1.635745] igb 0000:03:00.1: eth1: PBA No: 106300-000
[    1.635746] igb 0000:03:00.1: Using MSI-X interrupts. 8 rx queue(s), 8 tx queue(s)
[    1.653756] usb 1-1: new high-speed USB device number 2 using ehci-pci
[    1.663169] megaraid_sas 0000:81:00.0: pci id		: (0x1000)/(0x005b)/(0x1000)/(0x9271)
[    1.663172] megaraid_sas 0000:81:00.0: unevenspan support	: no
[    1.663174] megaraid_sas 0000:81:00.0: firmware crash dump	: no
[    1.663175] megaraid_sas 0000:81:00.0: jbod sync map		: no
[    1.663178] scsi host0: Avago SAS based MegaRAID driver
[    1.670747] usb 2-1: new high-speed USB device number 2 using ehci-pci
[    1.701038] scsi 0:2:0:0: Direct-Access     LSI      MR9271-8i        3.46 PQ: 0 ANSI: 5
[    1.721989] scsi 0:2:1:0: Direct-Access     LSI      MR9271-8i        3.46 PQ: 0 ANSI: 5
[    1.723001] usb 3-9: new low-speed USB device number 2 using xhci_hcd
[    1.765820] random: fast init done
[    1.772130] usb 1-1: New USB device found, idVendor=8087, idProduct=800a
[    1.772132] usb 1-1: New USB device strings: Mfr=0, Product=0, SerialNumber=0
[    1.772274] hub 1-1:1.0: USB hub found
[    1.772374] hub 1-1:1.0: 6 ports detected
[    1.783597] sd 0:2:0:0: [sda] 935544832 512-byte logical blocks: (479 GB/446 GiB)
[    1.783598] sd 0:2:0:0: [sda] 4096-byte physical blocks
[    1.783664] sd 0:2:0:0: [sda] Write Protect is off
[    1.783665] sd 0:2:0:0: [sda] Mode Sense: 1f 00 00 08
[    1.783694] sd 0:2:1:0: [sdb] 15624998912 512-byte logical blocks: (8.00 TB/7.28 TiB)
[    1.783707] sd 0:2:0:0: [sda] Write cache: enabled, read cache: enabled, doesn't support DPO or FUA
[    1.783801] sd 0:2:1:0: [sdb] Write Protect is off
[    1.783802] sd 0:2:1:0: [sdb] Mode Sense: 1f 00 00 08
[    1.783844] sd 0:2:1:0: [sdb] Write cache: enabled, read cache: enabled, doesn't support DPO or FUA
[    1.786725]  sda: sda1 sda2 sda3 sda4
[    1.787103] sd 0:2:0:0: [sda] Attached SCSI disk
[    1.789122] usb 2-1: New USB device found, idVendor=8087, idProduct=8002
[    1.789123] usb 2-1: New USB device strings: Mfr=0, Product=0, SerialNumber=0
[    1.789267] hub 2-1:1.0: USB hub found
[    1.789370] hub 2-1:1.0: 8 ports detected
[    1.834959] ata3: SATA link down (SStatus 0 SControl 300)
[    1.834986] ata1: SATA link down (SStatus 0 SControl 300)
[    1.835019] ata2: SATA link down (SStatus 0 SControl 300)
[    1.835044] ata4: SATA link down (SStatus 0 SControl 300)
[    1.842600]  sdb: sdb1
[    1.842985] sd 0:2:1:0: [sdb] Attached SCSI disk
[    1.850955] ata10: SATA link down (SStatus 0 SControl 300)
[    1.850988] ata6: SATA link down (SStatus 0 SControl 300)
[    1.851010] ata5: SATA link down (SStatus 0 SControl 300)
[    1.851031] ata7: SATA link down (SStatus 0 SControl 300)
[    1.851053] ata8: SATA link down (SStatus 0 SControl 300)
[    1.851090] ata9: SATA link down (SStatus 0 SControl 300)
[    1.897135] usb 3-9: New USB device found, idVendor=046d, idProduct=c31c
[    1.897140] usb 3-9: New USB device strings: Mfr=1, Product=2, SerialNumber=0
[    1.897141] usb 3-9: Product: USB Keyboard
[    1.897142] usb 3-9: Manufacturer: Logitech
[    1.902048] input: Logitech USB Keyboard as /devices/pci0000:00/0000:00:14.0/usb3/3-9/3-9:1.0/0003:046D:C31C.0001/input/input5
[    1.953913] hid-generic 0003:046D:C31C.0001: input,hidraw0: USB HID v1.10 Keyboard [Logitech USB Keyboard] on usb-0000:00:14.0-9/input0
[    1.960658] input: Logitech USB Keyboard as /devices/pci0000:00/0000:00:14.0/usb3/3-9/3-9:1.1/0003:046D:C31C.0002/input/input6
[    2.011815] hid-generic 0003:046D:C31C.0002: input,hidraw1: USB HID v1.10 Device [Logitech USB Keyboard] on usb-0000:00:14.0-9/input1
[    2.285728] tsc: Refined TSC clocksource calibration: 2494.224 MHz
[    2.285761] clocksource: tsc: mask: 0xffffffffffffffff max_cycles: 0x23f3e9a353a, max_idle_ns: 440795330815 ns
[    2.643750] ixgbe 0000:04:00.0: Multiqueue Enabled: Rx Queue count = 48, Tx Queue count = 48
[    2.643877] ixgbe 0000:04:00.0: PCI Express bandwidth of 16GT/s available
[    2.643879] ixgbe 0000:04:00.0: (Speed:5.0GT/s, Width: x4, Encoding Loss:20%)
[    2.643880] ixgbe 0000:04:00.0: This is not sufficient for optimal performance of this card.
[    2.643881] ixgbe 0000:04:00.0: For optimal performance, at least 20GT/s of bandwidth is required.
[    2.643882] ixgbe 0000:04:00.0: A slot with more lanes and/or higher speed is suggested.
[    2.644207] ixgbe 0000:04:00.0: MAC: 2, PHY: 1, PBA No: G63082-002
[    2.644207] ixgbe 0000:04:00.0: 90:e2:ba:93:c3:c4
[    2.645632] ixgbe 0000:04:00.0: Intel(R) 10 Gigabit Network Connection
[    2.797768] ixgbe 0000:04:00.1: Multiqueue Enabled: Rx Queue count = 48, Tx Queue count = 48
[    2.797894] ixgbe 0000:04:00.1: PCI Express bandwidth of 16GT/s available
[    2.797895] ixgbe 0000:04:00.1: (Speed:5.0GT/s, Width: x4, Encoding Loss:20%)
[    2.797896] ixgbe 0000:04:00.1: This is not sufficient for optimal performance of this card.
[    2.797897] ixgbe 0000:04:00.1: For optimal performance, at least 20GT/s of bandwidth is required.
[    2.797898] ixgbe 0000:04:00.1: A slot with more lanes and/or higher speed is suggested.
[    2.798224] ixgbe 0000:04:00.1: MAC: 2, PHY: 12, SFP+: 4, PBA No: G63082-002
[    2.798224] ixgbe 0000:04:00.1: 90:e2:ba:93:c3:c6
[    2.799623] ixgbe 0000:04:00.1: Intel(R) 10 Gigabit Network Connection
[    2.961715] bcache: bch_journal_replay() journal replay done, 111 keys in 18 entries, seq 1557846
[    2.961851] bcache: register_cache() registered cache device sda4
[    2.962275] bcache: register_bdev() registered backing device sdb1
[    2.979417] bcache: bch_cached_dev_attach() Caching sdb1 as bcache0 on set 30c85934-9b01-4412-a231-1100548760c9
[    3.045727] random: crng init done
[    3.045728] random: 7 urandom warning(s) missed due to ratelimiting
[    3.293816] clocksource: Switched to clocksource tsc
[    8.063965] EXT4-fs (sda3): mounted filesystem with ordered data mode. Opts: (null)
[    8.270163] systemd[1]: RTC configured in localtime, applying delta of 480 minutes to system time.
[    8.281529] systemd[1]: systemd 232 running in system mode. (-PAM -AUDIT -SELINUX +IMA -APPARMOR +SMACK +SYSVINIT +UTMP -LIBCRYPTSETUP +GCRYPT +GNUTLS +ACL +XZ -LZ4 +SECCOMP +BLKID +ELFUTILS +KMOD -IDN)
[    8.282334] systemd[1]: Detected architecture x86-64.
[    8.284345] systemd[1]: Set hostname to <vos-2c4d5447b411>.
[    8.497975] systemd[1]: Started Dispatch Password Requests to Console Directory Watch.
[    8.498353] systemd[1]: Reached target RPC Port Mapper.
[    8.498562] systemd[1]: Reached target Host and Network Name Lookups.
[    8.498970] systemd[1]: Set up automount Arbitrary Executable File Formats File System Automount Point.
[    8.499316] systemd[1]: Reached target Remote File Systems.
[    8.499577] systemd[1]: Listening on Journal Socket.
[    8.499805] systemd[1]: Listening on udev Kernel Socket.
[    8.540578] Installing knfsd (copyright (C) 1996 okir@monad.swb.de).
[    8.542669] EXT4-fs (sda3): re-mounted. Opts: discard
[    8.833990] Adding 8388604k swap on /.swap.  Priority:-1 extents:11 across:8970236k 
[    8.932476] systemd-journald[1139]: Received request to flush runtime journal from PID 1
[    8.999193] Linux agpgart interface v0.103
[    9.013800] [drm] Initialized
[    9.041518] i801_smbus 0000:00:1f.3: enabling device (0001 -> 0003)
[    9.041645] i801_smbus 0000:00:1f.3: SMBus using PCI interrupt
[    9.075282] EXT4-fs (sda2): mounting with "discard" option, but the device does not support discard
[    9.075284] EXT4-fs (sda2): mounted filesystem with ordered data mode. Opts: discard
[    9.085337] bcache: register_bcache() error /dev/sdb1: device already registered
[    9.086603] bcache: register_bcache() error /dev/sda4: device already registered
[    9.102069] FAT-fs (sda1): mounting with "discard" option, but the device does not support discard
[    9.910840] openvswitch: Open vSwitch switching datapath
[   10.300337] device ovs-system entered promiscuous mode
[   10.329567] device br0 entered promiscuous mode
[   10.451655] IPv6: ADDRCONF(NETDEV_UP): eth1: link is not ready
[   10.654601] ixgbe 0000:04:00.0: registered PHC device on eth2
[   10.758748] IPv6: ADDRCONF(NETDEV_UP): eth2: link is not ready
[   10.969488] ixgbe 0000:04:00.1: registered PHC device on eth3
[   11.079336] IPv6: ADDRCONF(NETDEV_UP): eth3: link is not ready
[   11.138802] ixgbe 0000:04:00.1 eth3: detected SFP+: 4
[   11.194308] IPv6: ADDRCONF(NETDEV_UP): eth0: link is not ready
[   11.310625] device eth0 entered promiscuous mode
[   11.310942] device eth1 entered promiscuous mode
[   11.311241] device eth3 entered promiscuous mode
[   11.311765] device eth2 entered promiscuous mode
[   11.382231] NFSD: starting 90-second grace period (net ffffffff81ef9980)
[   11.386989] device mgt0 entered promiscuous mode
[   11.390090] ixgbe 0000:04:00.1 eth3: NIC Link is Up 10 Gbps, Flow Control: RX/TX
[   11.390261] IPv6: ADDRCONF(NETDEV_CHANGE): eth3: link becomes ready
[   11.967455] EXT4-fs (bcache0): mounted filesystem with ordered data mode. Opts: (null)
[   12.858043] ip6_tables: (C) 2000-2006 Netfilter Core Team
[   12.952787] Ebtables v2.0 registered
[   13.217962] IPVS: Creating netns size=2104 id=1
[   13.332491] bridge: filtering via arp/ip/ip6tables is no longer available by default. Update your scripts to load br_netfilter if you need this.
[   13.333254] virbr0: port 1(virbr0-nic) entered blocking state
[   13.333255] virbr0: port 1(virbr0-nic) entered disabled state
[   13.333310] device virbr0-nic entered promiscuous mode
[   13.637019] virbr0: port 1(virbr0-nic) entered blocking state
[   13.637021] virbr0: port 1(virbr0-nic) entered listening state
[   13.664292] virbr0: port 1(virbr0-nic) entered disabled state
[21577.898810] L1TF CPU bug present and SMT on, data leak possible. See CVE-2018-3646 and https://www.kernel.org/doc/html/latest/admin-guide/l1tf.html for details.
[21578.698385] device b0p2543v7 entered promiscuous mode
[21581.385423] kvm: zapping shadow pages for mmio generation wraparound
[21640.470827] kvm: zapping shadow pages for mmio generation wraparound
[22289.413331] device b0p2543v7 left promiscuous mode
[22329.032045] device b0p2543v7 entered promiscuous mode
[22329.706223] kvm: zapping shadow pages for mmio generation wraparound
[22366.064454] kvm: zapping shadow pages for mmio generation wraparound
[182952.712997] usb 3-9: USB disconnect, device number 2
[338581.762650] device b0p2543v7 left promiscuous mode
[339150.925015] device b0p2487v2 entered promiscuous mode
[339150.957152] device b0p2487v2 left promiscuous mode
[340334.730189] systemd-journald[1139]: Failed to save stream data /run/systemd/journal/streams/7:128354657: No space left on device
[597272.526663] device b0p2487v2 entered promiscuous mode
[597272.559419] device b0p2487v2 left promiscuous mode
[597520.421241] device b0p3065v37 entered promiscuous mode
[597521.127141] kvm: zapping shadow pages for mmio generation wraparound
[597534.960376] kvm: zapping shadow pages for mmio generation wraparound
[611315.765756] device b0p3065v37 left promiscuous mode
[611651.337253] device b0p3191v0 entered promiscuous mode
[611652.092543] kvm: zapping shadow pages for mmio generation wraparound
[611661.623318] kvm: zapping shadow pages for mmio generation wraparound
[612860.411365] device b0p3181v0 entered promiscuous mode
[612861.182360] kvm: zapping shadow pages for mmio generation wraparound
[612862.399830] device b0p3152v0 entered promiscuous mode
[612863.169945] kvm: zapping shadow pages for mmio generation wraparound
[612870.909236] kvm: zapping shadow pages for mmio generation wraparound
[612872.903458] kvm: zapping shadow pages for mmio generation wraparound
[612873.410187] device b0p3190v0 entered promiscuous mode
[612874.172219] kvm: zapping shadow pages for mmio generation wraparound
[612879.451142] device b0p3130v0 entered promiscuous mode
[612880.201688] kvm: zapping shadow pages for mmio generation wraparound
[612887.434741] device b0p3114v0 entered promiscuous mode
[612888.362633] kvm: zapping shadow pages for mmio generation wraparound
[612888.698456] kvm: zapping shadow pages for mmio generation wraparound
[612892.437200] device b0p3149v0 entered promiscuous mode
[612893.322274] kvm: zapping shadow pages for mmio generation wraparound
[612894.942895] kvm: zapping shadow pages for mmio generation wraparound
[612900.444512] device b0p3172v0 entered promiscuous mode
[612901.157558] kvm: zapping shadow pages for mmio generation wraparound
[612901.475756] kvm: zapping shadow pages for mmio generation wraparound
[612904.895773] kvm: zapping shadow pages for mmio generation wraparound
[612906.462051] device b0p3116v0 entered promiscuous mode
[612907.599487] kvm: zapping shadow pages for mmio generation wraparound
[612912.945280] kvm: zapping shadow pages for mmio generation wraparound
[612913.473382] device b0p3071v0 entered promiscuous mode
[612915.473572] kvm: zapping shadow pages for mmio generation wraparound
[612920.525584] kvm: zapping shadow pages for mmio generation wraparound
[612921.325321] device b0p3089v0 entered promiscuous mode
[612923.248916] kvm: zapping shadow pages for mmio generation wraparound
[612928.974336] kvm: zapping shadow pages for mmio generation wraparound
[612929.523627] device b0p3173v0 entered promiscuous mode
[612931.824764] kvm: zapping shadow pages for mmio generation wraparound
[612932.238908] device b0p3135v0 entered promiscuous mode
[612933.024963] kvm: zapping shadow pages for mmio generation wraparound
[612937.215930] kvm: zapping shadow pages for mmio generation wraparound
[612947.445073] device b0p3122v0 entered promiscuous mode
[612952.743884] kvm: zapping shadow pages for mmio generation wraparound
[612954.476722] device b0p3141v0 entered promiscuous mode
[612956.661214] kvm: zapping shadow pages for mmio generation wraparound
[612957.735369] kvm: zapping shadow pages for mmio generation wraparound
[612964.689495] device b0p3137v0 entered promiscuous mode
[612967.273909] kvm: zapping shadow pages for mmio generation wraparound
[612969.399709] kvm: zapping shadow pages for mmio generation wraparound
[612971.846705] device b0p3186v0 entered promiscuous mode
[612973.513401] kvm: zapping shadow pages for mmio generation wraparound
[612974.044929] device b0p3068v0 entered promiscuous mode
[612975.567420] kvm: zapping shadow pages for mmio generation wraparound
[612988.026425] device b0p3145v0 entered promiscuous mode
[612994.331560] device b0p3121v0 entered promiscuous mode
[612994.568510] kvm: zapping shadow pages for mmio generation wraparound
